Component: ARM Compiler 5.06 update 6 (build 750) Tool: armlink [4d35ed]

==============================================================================

Section Cross References

    startup_stm32f030x8.o(RESET) refers to startup_stm32f030x8.o(STACK) for __initial_sp
    startup_stm32f030x8.o(RESET) refers to startup_stm32f030x8.o(.text) for Reset_Handler
    startup_stm32f030x8.o(RESET) refers to stm32f0xx_it.o(i.NMI_Handler) for NMI_Handler
    startup_stm32f030x8.o(RESET) refers to stm32f0xx_it.o(i.HardFault_Handler) for HardFault_Handler
    startup_stm32f030x8.o(RESET) refers to port.o(i.SVC_Handler) for SVC_Handler
    startup_stm32f030x8.o(RESET) refers to port.o(.emb_text) for PendSV_Handler
    startup_stm32f030x8.o(RESET) refers to stm32f0xx_it.o(i.SysTick_Handler) for SysTick_Handler
    startup_stm32f030x8.o(RESET) refers to stm32f0xx_it.o(i.DMA1_Channel1_IRQHandler) for DMA1_Channel1_IRQHandler
    startup_stm32f030x8.o(RESET) refers to stm32f0xx_it.o(i.DMA1_Channel4_5_IRQHandler) for DMA1_Channel4_5_IRQHandler
    startup_stm32f030x8.o(RESET) refers to stm32f0xx_it.o(i.ADC1_IRQHandler) for ADC1_IRQHandler
    startup_stm32f030x8.o(RESET) refers to stm32f0xx_it.o(i.USART2_IRQHandler) for USART2_IRQHandler
    startup_stm32f030x8.o(.text) refers to system_stm32f0xx.o(i.SystemInit) for SystemInit
    startup_stm32f030x8.o(.text) refers to entry.o(.ARM.Collect$$$$00000000) for __main
    main.o(i.MX_ADC_Init) refers to stm32f0xx_hal_adc.o(i.HAL_ADC_Init) for HAL_ADC_Init
    main.o(i.MX_ADC_Init) refers to stm32f0xx_hal_adc.o(i.HAL_ADC_ConfigChannel) for HAL_ADC_ConfigChannel
    main.o(i.MX_ADC_Init) refers to main.o(.bss) for .bss
    main.o(i.MX_GPIO_Init) refers to memseta.o(.text) for __aeabi_memclr4
    main.o(i.MX_GPIO_Init) refers to stm32f0xx_hal_gpio.o(i.HAL_GPIO_WritePin) for HAL_GPIO_WritePin
    main.o(i.MX_GPIO_Init) refers to stm32f0xx_hal_gpio.o(i.HAL_GPIO_Init) for HAL_GPIO_Init
    main.o(i.MX_SPI1_Init) refers to stm32f0xx_hal_spi.o(i.HAL_SPI_Init) for HAL_SPI_Init
    main.o(i.MX_SPI1_Init) refers to main.o(.bss) for .bss
    main.o(i.MX_TIM3_Init) refers to memseta.o(.text) for __aeabi_memclr4
    main.o(i.MX_TIM3_Init) refers to stm32f0xx_hal_tim.o(i.HAL_TIM_PWM_Init) for HAL_TIM_PWM_Init
    main.o(i.MX_TIM3_Init) refers to stm32f0xx_hal_tim_ex.o(i.HAL_TIMEx_MasterConfigSynchronization) for HAL_TIMEx_MasterConfigSynchronization
    main.o(i.MX_TIM3_Init) refers to stm32f0xx_hal_tim.o(i.HAL_TIM_PWM_ConfigChannel) for HAL_TIM_PWM_ConfigChannel
    main.o(i.MX_TIM3_Init) refers to stm32f0xx_hal_msp.o(i.HAL_TIM_MspPostInit) for HAL_TIM_MspPostInit
    main.o(i.MX_TIM3_Init) refers to main.o(.bss) for .bss
    main.o(i.MX_USART2_UART_Init) refers to stm32f0xx_hal_uart.o(i.HAL_UART_Init) for HAL_UART_Init
    main.o(i.MX_USART2_UART_Init) refers to main.o(.bss) for .bss
    main.o(i.MX_USART2_UART_Init) refers to comm_task.o(.data) for band_rate
    main.o(i.StartDefaultTask) refers to cmsis_os.o(i.osDelay) for osDelay
    main.o(i.SystemClock_Config) refers to memseta.o(.text) for __aeabi_memclr4
    main.o(i.SystemClock_Config) refers to stm32f0xx_hal_rcc.o(i.HAL_RCC_OscConfig) for HAL_RCC_OscConfig
    main.o(i.SystemClock_Config) refers to stm32f0xx_hal_rcc.o(i.HAL_RCC_ClockConfig) for HAL_RCC_ClockConfig
    main.o(i.main) refers to stm32f0xx_hal.o(i.HAL_Init) for HAL_Init
    main.o(i.main) refers to main.o(i.SystemClock_Config) for SystemClock_Config
    main.o(i.main) refers to main.o(i.MX_GPIO_Init) for MX_GPIO_Init
    main.o(i.main) refers to stm32f0xx_hal_cortex.o(i.HAL_NVIC_SetPriority) for HAL_NVIC_SetPriority
    main.o(i.main) refers to stm32f0xx_hal_cortex.o(i.HAL_NVIC_EnableIRQ) for HAL_NVIC_EnableIRQ
    main.o(i.main) refers to main.o(i.MX_SPI1_Init) for MX_SPI1_Init
    main.o(i.main) refers to main.o(i.MX_USART2_UART_Init) for MX_USART2_UART_Init
    main.o(i.main) refers to main.o(i.MX_ADC_Init) for MX_ADC_Init
    main.o(i.main) refers to main.o(i.MX_TIM3_Init) for MX_TIM3_Init
    main.o(i.main) refers to stm32f0xx_hal_adc.o(i.HAL_ADC_Start_DMA) for HAL_ADC_Start_DMA
    main.o(i.main) refers to interface_module.o(i.interface_module_init_sys) for interface_module_init_sys
    main.o(i.main) refers to memcpya.o(.text) for __aeabi_memcpy4
    main.o(i.main) refers to cmsis_os.o(i.osThreadCreate) for osThreadCreate
    main.o(i.main) refers to interface_module.o(i.interface_module_create_task) for interface_module_create_task
    main.o(i.main) refers to cmsis_os.o(i.osKernelStart) for osKernelStart
    main.o(i.main) refers to main.o(.ARM.__AT_0x20000000) for .ARM.__AT_0x20000000
    main.o(i.main) refers to main.o(.data) for .data
    main.o(i.main) refers to main.o(.bss) for .bss
    main.o(i.main) refers to main.o(.constdata) for .constdata
    main.o(.constdata) refers to main.o(.conststring) for .conststring
    main.o(.constdata) refers to main.o(i.StartDefaultTask) for StartDefaultTask
[...]
    i.fputc                                  0x08007020   Section        0  interface_module.o(i.fputc)
    i.free                                   0x0800703c   Section        0  malloc.o(i.free)
    i.getRcvData2PreProBuf                   0x08007090   Section        0  comm_module.o(i.getRcvData2PreProBuf)
    getRcvData2PreProBuf                     0x08007091   Thumb Code   140  comm_module.o(i.getRcvData2PreProBuf)
    i.i2c_io_change                          0x08007128   Section        0  i2c_hal.o(i.i2c_io_change)
    i.init_PID_parameters                    0x08007188   Section        0  flow_module.o(i.init_PID_parameters)
    i.interface_module_create_task           0x080071b0   Section        0  interface_module.o(i.interface_module_create_task)
    i.interface_module_init_sys              0x080071b8   Section        0  interface_module.o(i.interface_module_init_sys)
    i.interface_module_set_valve_putout      0x08007260   Section        0  flow_module.o(i.interface_module_set_valve_putout)
    i.interface_module_spi_read_byte         0x08007280   Section        0  interface_module.o(i.interface_module_spi_read_byte)
    i.interface_module_spi_write_byte        0x08007298   Section        0  interface_module.o(i.interface_module_spi_write_byte)
    i.main                                   0x080072b0   Section        0  main.o(i.main)
    i.makeFreeRtosPriority                   0x0800737c   Section        0  cmsis_os.o(i.makeFreeRtosPriority)
    makeFreeRtosPriority                     0x0800737d   Thumb Code    12  cmsis_os.o(i.makeFreeRtosPriority)
    i.malloc                                 0x08007388   Section        0  malloc.o(i.malloc)
    i.osDelay                                0x080073f4   Section        0  cmsis_os.o(i.osDelay)
    i.osKernelStart                          0x08007404   Section        0  cmsis_os.o(i.osKernelStart)
    i.osThreadCreate                         0x0800740e   Section        0  cmsis_os.o(i.osThreadCreate)
    i.processData2Ctrollor                   0x0800743c   Section        0  comm_module.o(i.processData2Ctrollor)
    processData2Ctrollor                     0x0800743d   Thumb Code   118  comm_module.o(i.processData2Ctrollor)
    i.prvAddCurrentTaskToDelayedList         0x080074b8   Section        0  tasks.o(i.prvAddCurrentTaskToDelayedList)
    prvAddCurrentTaskToDelayedList           0x080074b9   Thumb Code    78  tasks.o(i.prvAddCurrentTaskToDelayedList)
    i.prvAddNewTaskToReadyList               0x08007510   Section        0  tasks.o(i.prvAddNewTaskToReadyList)
    prvAddNewTaskToReadyList                 0x08007511   Thumb Code   176  tasks.o(i.prvAddNewTaskToReadyList)
    i.prvCheckTasksWaitingTermination        0x080075c8   Section        0  tasks.o(i.prvCheckTasksWaitingTermination)
    prvCheckTasksWaitingTermination          0x080075c9   Thumb Code    72  tasks.o(i.prvCheckTasksWaitingTermination)
    i.prvDeleteTCB                           0x08007618   Section        0  tasks.o(i.prvDeleteTCB)
    prvDeleteTCB                             0x08007619   Thumb Code    18  tasks.o(i.prvDeleteTCB)
    i.prvHeapInit                            0x0800762c   Section        0  heap_4.o(i.prvHeapInit)
    prvHeapInit                              0x0800762d   Thumb Code    60  heap_4.o(i.prvHeapInit)
    i.prvIdleTask                            0x08007670   Section        0  tasks.o(i.prvIdleTask)
    prvIdleTask                              0x08007671   Thumb Code    18  tasks.o(i.prvIdleTask)
    i.prvInitialiseNewTask                   0x08007688   Section        0  tasks.o(i.prvInitialiseNewTask)
    prvInitialiseNewTask                     0x08007689   Thumb Code   124  tasks.o(i.prvInitialiseNewTask)
    i.prvInsertBlockIntoFreeList             0x08007704   Section        0  heap_4.o(i.prvInsertBlockIntoFreeList)
    prvInsertBlockIntoFreeList               0x08007705   Thumb Code    72  heap_4.o(i.prvInsertBlockIntoFreeList)
    i.prvResetNextTaskUnblockTime            0x08007750   Section        0  tasks.o(i.prvResetNextTaskUnblockTime)
    prvResetNextTaskUnblockTime              0x08007751   Thumb Code    28  tasks.o(i.prvResetNextTaskUnblockTime)
    i.prvTaskExitError                       0x08007770   Section        0  port.o(i.prvTaskExitError)
    prvTaskExitError                         0x08007771   Thumb Code    14  port.o(i.prvTaskExitError)
    i.pvPortMalloc                           0x08007784   Section        0  heap_4.o(i.pvPortMalloc)
    i.pxPortInitialiseStack                  0x08007834   Section        0  port.o(i.pxPortInitialiseStack)
    i.re_cfg_PWM_Frequency                   0x08007854   Section        0  flow_module.o(i.re_cfg_PWM_Frequency)
    i.read_hardware                          0x080078f4   Section        0  sampling_module.o(i.read_hardware)
    i.sampling_module_detect_flow            0x08007938   Section        0  sampling_module.o(i.sampling_module_detect_flow)
    i.sampling_module_init                   0x08007a0c   Section        0  sampling_module.o(i.sampling_module_init)
    i.sampling_module_open_flow_sensor_power 0x08007a18   Section        0  sampling_module.o(i.sampling_module_open_flow_sensor_power)
    i.sampling_task                          0x08007a34   Section        0  sampling_module.o(i.sampling_task)
    i.saveAck2SndBuffer                      0x08007aa4   Section        0  comm_task.o(i.saveAck2SndBuffer)
    i.saveBaudSet2SndBuffer                  0x08007ae4   Section        0  comm_task.o(i.saveBaudSet2SndBuffer)
    i.saveRealPara2SndBuffer                 0x08007b44   Section        0  comm_task.o(i.saveRealPara2SndBuffer)
    i.saveVersion2SndBuffer                  0x08007bec   Section        0  comm_task.o(i.saveVersion2SndBuffer)
    i.saveVersionAndCRC2SndBuffer            0x08007c40   Section        0  comm_task.o(i.saveVersionAndCRC2SndBuffer)
    i.self_checking                          0x08007c94   Section        0  comm_task.o(i.self_checking)
    i.sendData                               0x08007cec   Section        0  comm_module.o(i.sendData)
    i.send_data_by_controllor                0x08007d0c   Section        0  comm_module.o(i.send_data_by_controllor)
    send_data_by_controllor                  0x08007d0d   Thumb Code    90  comm_module.o(i.send_data_by_controllor)
    i.send_modify_PID_result                 0x08007d68   Section        0  comm_task.o(i.send_modify_PID_result)
    i.send_pid_2_PC                          0x08007da8   Section        0  flow_module.o(i.send_pid_2_PC)
    i.send_valve_data_2_PC                   0x08007e4c   Section        0  comm_task.o(i.send_valve_data_2_PC)
    i.set_checkSum                           0x08007ef0   Section        0  comm_module.o(i.set_checkSum)
    i.set_flow_parameter                     0x08007f18   Section        0  flow_module.o(i.set_flow_parameter)
    i.set_pid                                0x08007f7c   Section        0  flow_module.o(i.set_pid)
    i.set_pwm_dc                             0x08008020   Section        0  flow_module.o(i.set_pwm_dc)
    i.sf_ReadID                              0x08008050   Section        0  bsp_spi_flash.o(i.sf_ReadID)
    i.sf_ReadInfo                            0x08008090   Section        0  bsp_spi_flash.o(i.sf_ReadInfo)
    i.sf_SetCS                               0x08008138   Section        0  bsp_spi_flash.o(i.sf_SetCS)
    sf_SetCS                                 0x08008139   Thumb Code    26  bsp_spi_flash.o(i.sf_SetCS)
    i.sf_WaitForWriteEnd                     0x08008152   Section        0  bsp_spi_flash.o(i.sf_WaitForWriteEnd)
    sf_WaitForWriteEnd                       0x08008153   Thumb Code    30  bsp_spi_flash.o(i.sf_WaitForWriteEnd)
    i.uart_Init                              0x08008170   Section        0  comm_module.o(i.uart_Init)
    i.uxListRemove                           0x080081c0   Section        0  list.o(i.uxListRemove)
    i.vListInitialise                        0x080081e4   Section        0  list.o(i.vListInitialise)
    i.vListInitialiseItem                    0x080081fa   Section        0  list.o(i.vListInitialiseItem)
    i.vListInsert                            0x08008200   Section        0  list.o(i.vListInsert)
    i.vListInsertEnd                         0x08008230   Section        0  list.o(i.vListInsertEnd)
    i.vPortEnterCritical                     0x08008248   Section        0  port.o(i.vPortEnterCritical)
    i.vPortExitCritical                      0x08008260   Section        0  port.o(i.vPortExitCritical)
    i.vPortFree                              0x0800827c   Section        0  heap_4.o(i.vPortFree)
    i.vPortSetupTimerInterrupt               0x080082c0   Section        0  port.o(i.vPortSetupTimerInterrupt)
    i.vPortYield                             0x080082e4   Section        0  port.o(i.vPortYield)
    i.vTaskDelay                             0x080082fc   Section        0  tasks.o(i.vTaskDelay)
    i.vTaskStartScheduler                    0x0800832c   Section        0  tasks.o(i.vTaskStartScheduler)
    i.vTaskSuspendAll                        0x08008378   Section        0  tasks.o(i.vTaskSuspendAll)
    i.vTaskSwitchContext                     0x08008388   Section        0  tasks.o(i.vTaskSwitchContext)
    i.xPortStartScheduler                    0x080083e0   Section        0  port.o(i.xPortStartScheduler)
    i.xPortSysTickHandler                    0x08008410   Section        0  port.o(i.xPortSysTickHandler)
    i.xTaskCreate                            0x08008434   Section        0  tasks.o(i.xTaskCreate)
    i.xTaskGetSchedulerState                 0x08008484   Section        0  tasks.o(i.xTaskGetSchedulerState)
    i.xTaskIncrementTick                     0x080084a4   Section        0  tasks.o(i.xTaskIncrementTick)
    i.xTaskResumeAll                         0x08008560   Section        0  tasks.o(i.xTaskResumeAll)
    .constdata                               0x0800860c   Section       20  main.o(.constdata)
    .constdata                               0x08008620   Section       16  system_stm32f0xx.o(.constdata)
    .constdata                               0x08008630   Section        8  system_stm32f0xx.o(.constdata)
    .constdata                               0x08008638   Section      512  comm_module.o(.constdata)
    .constdata                               0x08008838   Section     2600  sampling_module.o(.constdata)
    .conststring                             0x08009260   Section       12  main.o(.conststring)
    .ARM.__AT_0x20000000                     0x20000000   Section      192  main.o(.ARM.__AT_0x20000000)
    .data                                    0x200000c0   Section       12  main.o(.data)
    .data                                    0x200000cc   Section        4  stm32f0xx_hal.o(.data)
    .data                                    0x200000d0   Section        4  system_stm32f0xx.o(.data)
    .data                                    0x200000d4   Section       60  tasks.o(.data)
    uxDeletedTasksWaitingCleanUp             0x200000d8   Data           4  tasks.o(.data)
    uxCurrentNumberOfTasks                   0x200000dc   Data           4  tasks.o(.data)
    xTickCount                               0x200000e0   Data           4  tasks.o(.data)
    uxTopReadyPriority                       0x200000e4   Data           4  tasks.o(.data)
    xSchedulerRunning                        0x200000e8   Data           4  tasks.o(.data)
    uxPendedTicks                            0x200000ec   Data           4  tasks.o(.data)
    xYieldPending                            0x200000f0   Data           4  tasks.o(.data)
    xNumOfOverflows                          0x200000f4   Data           4  tasks.o(.data)
    uxTaskNumber                             0x200000f8   Data           4  tasks.o(.data)
    xNextTaskUnblockTime                     0x200000fc   Data           4  tasks.o(.data)
    xIdleTaskHandle                          0x20000100   Data           4  tasks.o(.data)
    uxSchedulerSuspended                     0x20000104   Data           4  tasks.o(.data)
    pxDelayedTaskList                        0x20000108   Data           4  tasks.o(.data)
    pxOverflowDelayedTaskList                0x2000010c   Data           4  tasks.o(.data)
    .data                                    0x20000110   Section       24  heap_4.o(.data)
    pxEnd                                    0x20000110   Data           4  heap_4.o(.data)
    xFreeBytesRemaining                      0x20000114   Data           4  heap_4.o(.data)
    xMinimumEverFreeBytesRemaining           0x20000118   Data           4  heap_4.o(.data)
    xBlockAllocatedBit                       0x2000011c   Data           4  heap_4.o(.data)
    xStart                                   0x20000120   Data           8  heap_4.o(.data)
    .data                                    0x20000128   Section        4  port.o(.data)
    uxCriticalNesting                        0x20000128   Data           4  port.o(.data)
    .data                                    0x2000012c   Section       68  flow_module.o(.data)
    b_set_pwm_dc                             0x2000012c   Data           1  flow_module.o(.data)
    b_test_valve_curve                       0x2000012d   Data           1  flow_module.o(.data)
    Is_only_set_flow                         0x2000012e   Data           1  flow_module.o(.data)
    start_flow                               0x20000130   Data           2  flow_module.o(.data)
    end_flow                                 0x20000132   Data           2  flow_module.o(.data)
    step                                     0x20000134   Data           2  flow_module.o(.data)
    duration                                 0x20000136   Data           2  flow_module.o(.data)
    duration_cnt                             0x20000138   Data           4  flow_module.o(.data)
    pwm_value                                0x2000013c   Data           4  flow_module.o(.data)
    temp                                     0x2000015c   Data           4  flow_module.o(.data)
    freq_arry                                0x20000160   Data          16  flow_module.o(.data)
    .data                                    0x20000170   Section       20  sampling_module.o(.data)
    flow_err_cnt                             0x20000174   Data           2  sampling_module.o(.data)
    flow                                     0x20000176   Data           2  sampling_module.o(.data)
    pre_flow                                 0x20000178   Data           2  sampling_module.o(.data)
    flow_cnt                                 0x2000017a   Data           2  sampling_module.o(.data)
    flow_zero_cnt                            0x2000017c   Data           2  sampling_module.o(.data)
    .data                                    0x20000184   Section       24  comm_task.o(.data)
    send_loop_cnt                            0x20000184   Data           1  comm_task.o(.data)
    sum_flow                                 0x20000194   Data           4  comm_task.o(.data)
    temp                                     0x20000198   Data           4  comm_task.o(.data)
    .data                                    0x2000019c   Section        8  bsp_spi_flash.o(.data)
    id1                                      0x2000019c   Data           1  bsp_spi_flash.o(.data)
    id2                                      0x2000019d   Data           1  bsp_spi_flash.o(.data)
    id3                                      0x2000019e   Data           1  bsp_spi_flash.o(.data)
    uiID                                     0x200001a0   Data           4  bsp_spi_flash.o(.data)
    .data                                    0x200001a4   Section       14  sf05.o(.data)
    .data                                    0x200001b2   Section        1  i2c_hal.o(.data)
    .data                                    0x200001b3   Section        1  i2c_hal.o(.data)
    .data                                    0x200001b4   Section        1  i2c_hal.o(.data)
    .data                                    0x200001b5   Section        1  i2c_hal.o(.data)
    flag                                     0x200001b5   Data           1  i2c_hal.o(.data)
    .data                                    0x200001b8   Section        4  stdout.o(.data)
    .data                                    0x200001bc   Section        4  mvars.o(.data)
    .data                                    0x200001c0   Section        4  mvars.o(.data)
    .bss                                     0x200001c4   Section      352  main.o(.bss)
    .bss                                     0x20000324   Section       68  main.o(.bss)
    .bss                                     0x20000368   Section       68  main.o(.bss)
    .bss                                     0x200003ac   Section       68  main.o(.bss)
    .bss                                     0x200003f0   Section      240  tasks.o(.bss)
    pxReadyTasksLists                        0x200003f0   Data         140  tasks.o(.bss)
    xDelayedTaskList1                        0x2000047c   Data          20  tasks.o(.bss)
    xDelayedTaskList2                        0x20000490   Data          20  tasks.o(.bss)
    xPendingReadyList                        0x200004a4   Data          20  tasks.o(.bss)
    xTasksWaitingTermination                 0x200004b8   Data          20  tasks.o(.bss)
    xSuspendedTaskList                       0x200004cc   Data          20  tasks.o(.bss)
    .bss                                     0x200004e0   Section     4096  heap_4.o(.bss)
    ucHeap                                   0x200004e0   Data        4096  heap_4.o(.bss)
    .bss                                     0x200014e0   Section      248  comm_module.o(.bss)
    .bss                                     0x200015d8   Section       44  flow_module.o(.bss)
    .bss                                     0x20001604   Section       10  interface_module.o(.bss)
    .bss                                     0x2000160e   Section       14  sampling_module.o(.bss)
    .bss                                     0x2000161c   Section       30  comm_task.o(.bss)
    usart_buff                               0x20001626   Data          20  comm_task.o(.bss)
    .bss                                     0x2000163c   Section       28  bsp_spi_flash.o(.bss)
    HEAP                                     0x20001658   Section      608  startup_stm32f030x8.o(HEAP)
    STACK                                    0x200018b8   Section     1280  startup_stm32f030x8.o(STACK)

    Global Symbols

    Symbol Name                              Value     Ov Type        Size  Object(Section)

    BuildAttributes$$THM_ISAv3M$S$PE$A:L22$X:L11$S22$IEEE1$IW$USESV6$~STKCKD$USESV7$~SHL$OTIME$ROPI$EBA8$MICROLIB$REQ8$PRES8$EABIv2 0x00000000   Number         0  anon$$obj.o ABSOLUTE
    __ARM_use_no_argv                        0x00000000   Number         0  main.o ABSOLUTE
    _printf_a                                0x00000000   Number         0  stubs.o ABSOLUTE
    _printf_c                                0x00000000   Number         0  stubs.o ABSOLUTE
    _printf_charcount                        0x00000000   Number         0  stubs.o ABSOLUTE
    _printf_d                                0x00000000   Number         0  stubs.o ABSOLUTE
    _printf_e                                0x00000000   Number         0  stubs.o ABSOLUTE
    _printf_f                                0x00000000   Number         0  stubs.o ABSOLUTE
    _printf_flags                            0x00000000   Number         0  stubs.o ABSOLUTE
    _printf_fp_dec                           0x00000000   Number         0  stubs.o ABSOLUTE
    _printf_fp_hex                           0x00000000   Number         0  stubs.o ABSOLUTE
    _printf_g                                0x00000000   Number         0  stubs.o ABSOLUTE
    _printf_i                                0x00000000   Number         0  stubs.o ABSOLUTE
    _printf_int_dec                          0x00000000   Number         0  stubs.o ABSOLUTE
    _printf_l                                0x00000000   Number         0  stubs.o ABSOLUTE
    _printf_lc                               0x00000000   Number         0  stubs.o ABSOLUTE
    _printf_ll                               0x00000000   Number         0  stubs.o ABSOLUTE
    _printf_lld                              0x00000000   Number         0  stubs.o ABSOLUTE
    _printf_lli                              0x00000000   Number         0  stubs.o ABSOLUTE
    _printf_llo                              0x00000000   Number         0  stubs.o ABSOLUTE
    _printf_llu                              0x00000000   Number         0  stubs.o ABSOLUTE
    _printf_llx                              0x00000000   Number         0  stubs.o ABSOLUTE
    _printf_longlong_dec                     0x00000000   Number         0  stubs.o ABSOLUTE
    _printf_longlong_hex                     0x00000000   Number         0  stubs.o ABSOLUTE
    _printf_longlong_oct                     0x00000000   Number         0  stubs.o ABSOLUTE
    _printf_ls                               0x00000000   Number         0  stubs.o ABSOLUTE
    _printf_mbtowc                           0x00000000   Number         0  stubs.o ABSOLUTE
    _printf_n                                0x00000000   Number         0  stubs.o ABSOLUTE
    _printf_o                                0x00000000   Number         0  stubs.o ABSOLUTE
    _printf_p                                0x00000000   Number         0  stubs.o ABSOLUTE
    _printf_percent                          0x00000000   Number         0  stubs.o ABSOLUTE
    _printf_pre_padding                      0x00000000   Number         0  stubs.o ABSOLUTE
    _printf_return_value                     0x00000000   Number         0  stubs.o ABSOLUTE
    _printf_s                                0x00000000   Number         0  stubs.o ABSOLUTE
    _printf_sizespec                         0x00000000   Number         0  stubs.o ABSOLUTE
    _printf_str                              0x00000000   Number         0  stubs.o ABSOLUTE
    _printf_truncate_signed                  0x00000000   Number         0  stubs.o ABSOLUTE
    _printf_truncate_unsigned                0x00000000   Number         0  stubs.o ABSOLUTE
    _printf_u                                0x00000000   Number         0  stubs.o ABSOLUTE
    _printf_wc                               0x00000000   Number         0  stubs.o ABSOLUTE
    _printf_wctomb                           0x00000000   Number         0  stubs.o ABSOLUTE
    _printf_widthprec                        0x00000000   Number         0  stubs.o ABSOLUTE
    _printf_x                                0x00000000   Number         0  stubs.o ABSOLUTE
    __cpp_initialize__aeabi_                  - Undefined Weak Reference
    __cxa_finalize                            - Undefined Weak Reference
    __decompress                              - Undefined Weak Reference
    _clock_init                               - Undefined Weak Reference
    _microlib_exit                            - Undefined Weak Reference
    __Vectors_Size                           0x000000b4   Number         0  startup_stm32f030x8.o ABSOLUTE
    __Vectors                                0x08003000   Data           4  startup_stm32f030x8.o(RESET)
    __Vectors_End                            0x080030b4   Data           0  startup_stm32f030x8.o(RESET)
    __main                                   0x080030b5   Thumb Code     0  entry.o(.ARM.Collect$$$$00000000)
    _main_stk                                0x080030b5   Thumb Code     0  entry2.o(.ARM.Collect$$$$00000001)
    _main_scatterload                        0x080030b9   Thumb Code     0  entry5.o(.ARM.Collect$$$$00000004)
    __main_after_scatterload                 0x080030bd   Thumb Code     0  entry5.o(.ARM.Collect$$$$00000004)
    _main_clock                              0x080030bd   Thumb Code     0  entry7b.o(.ARM.Collect$$$$00000008)
    _main_cpp_init                           0x080030bd   Thumb Code     0  entry8b.o(.ARM.Collect$$$$0000000A)
    _main_init                               0x080030bd   Thumb Code     0  entry9a.o(.ARM.Collect$$$$0000000B)
    __rt_final_cpp                           0x080030c5   Thumb Code     0  entry10a.o(.ARM.Collect$$$$0000000D)
    __rt_final_exit                          0x080030c5   Thumb Code     0  entry11a.o(.ARM.Collect$$$$0000000F)
    __asm___6_port_c_39a90d8d__prvPortStartFirstTask 0x080030c9   Thumb Code    36  port.o(.emb_text)
    ulSetInterruptMaskFromISR                0x080030f1   Thumb Code     8  port.o(.emb_text)
    vClearInterruptMaskFromISR               0x080030f9   Thumb Code     6  port.o(.emb_text)
    PendSV_Handler                           0x080030ff   Thumb Code    62  port.o(.emb_text)
    Reset_Handler                            0x08003141   Thumb Code     8  startup_stm32f030x8.o(.text)
    DMA1_Channel2_3_IRQHandler               0x08003153   Thumb Code     0  startup_stm32f030x8.o(.text)
    EXTI0_1_IRQHandler                       0x08003153   Thumb Code     0  startup_stm32f030x8.o(.text)
    EXTI2_3_IRQHandler                       0x08003153   Thumb Code     0  startup_stm32f030x8.o(.text)
    EXTI4_15_IRQHandler                      0x08003153   Thumb Code     0  startup_stm32f030x8.o(.text)
    FLASH_IRQHandler                         0x08003153   Thumb Code     0  startup_stm32f030x8.o(.text)
    I2C1_IRQHandler                          0x08003153   Thumb Code     0  startup_stm32f030x8.o(.text)
    I2C2_IRQHandler                          0x08003153   Thumb Code     0  startup_stm32f030x8.o(.text)
    RCC_IRQHandler                           0x08003153   Thumb Code     0  startup_stm32f030x8.o(.text)
    RTC_IRQHandler                           0x08003153   Thumb Code     0  startup_stm32f030x8.o(.text)
    SPI1_IRQHandler                          0x08003153   Thumb Code     0  startup_stm32f030x8.o(.text)
    SPI2_IRQHandler                          0x08003153   Thumb Code     0  startup_stm32f030x8.o(.text)
    TIM14_IRQHandler                         0x08003153   Thumb Code     0  startup_stm32f030x8.o(.text)
    TIM15_IRQHandler                         0x08003153   Thumb Code     0  startup_stm32f030x8.o(.text)
    TIM16_IRQHandler                         0x08003153   Thumb Code     0  startup_stm32f030x8.o(.text)
    TIM17_IRQHandler                         0x08003153   Thumb Code     0  startup_stm32f030x8.o(.text)
    TIM1_BRK_UP_TRG_COM_IRQHandler           0x08003153   Thumb Code     0  startup_stm32f030x8.o(.text)
    TIM1_CC_IRQHandler                       0x08003153   Thumb Code     0  startup_stm32f030x8.o(.text)
    TIM3_IRQHandler                          0x08003153   Thumb Code     0  startup_stm32f030x8.o(.text)
    TIM6_IRQHandler                          0x08003153   Thumb Code     0  startup_stm32f030x8.o(.text)
    USART1_IRQHandler                        0x08003153   Thumb Code     0  startup_stm32f030x8.o(.text)
    WWDG_IRQHandler                          0x08003153   Thumb Code     0  startup_stm32f030x8.o(.text)
    __aeabi_uidiv                            0x0800315d   Thumb Code     0  uidiv.o(.text)
    __aeabi_uidivmod                         0x0800315d   Thumb Code    44  uidiv.o(.text)
    __aeabi_idiv                             0x08003189   Thumb Code     0  idiv.o(.text)
    __aeabi_idivmod                          0x08003189   Thumb Code    40  idiv.o(.text)
    __aeabi_llsr                             0x080031b1   Thumb Code    34  llushr.o(.text)
    _ll_ushift_r                             0x080031b1   Thumb Code     0  llushr.o(.text)
    __aeabi_memcpy                           0x080031d3   Thumb Code    36  memcpya.o(.text)
    __aeabi_memcpy4                          0x080031d3   Thumb Code     0  memcpya.o(.text)
    __aeabi_memcpy8                          0x080031d3   Thumb Code     0  memcpya.o(.text)
    __aeabi_memset                           0x080031f7   Thumb Code    14  memseta.o(.text)
    __aeabi_memset4                          0x080031f7   Thumb Code     0  memseta.o(.text)
    __aeabi_memset8                          0x080031f7   Thumb Code     0  memseta.o(.text)
    __aeabi_memclr                           0x08003205   Thumb Code     4  memseta.o(.text)
    __aeabi_memclr4                          0x08003205   Thumb Code     0  memseta.o(.text)
    __aeabi_memclr8                          0x08003205   Thumb Code     0  memseta.o(.text)
    _memset$wrapper                          0x08003209   Thumb Code    18  memseta.o(.text)
    strcpy                                   0x0800321b   Thumb Code    18  strcpy.o(.text)
    __aeabi_dmul                             0x0800322d   Thumb Code   202  dmul.o(.text)
    __aeabi_ui2d                             0x080032fd   Thumb Code    24  dfltui.o(.text)
    __aeabi_d2uiz                            0x08003319   Thumb Code    50  dfixui.o(.text)
    __aeabi_uldivmod                         0x08003355   Thumb Code    96  uldiv.o(.text)
    __I$use$fp                               0x080033b5   Thumb Code     0  iusefp.o(.text)
    _double_round                            0x080033b5   Thumb Code    26  depilogue.o(.text)
    _double_epilogue                         0x080033cf   Thumb Code   164  depilogue.o(.text)
    __scatterload                            0x08003475   Thumb Code    28  init.o(.text)
    __scatterload_rt2                        0x08003475   Thumb Code     0  init.o(.text)
    __aeabi_llsl                             0x08003499   Thumb Code    32  llshl.o(.text)
    _ll_shift_l                              0x08003499   Thumb Code     0  llshl.o(.text)
    ADC1_IRQHandler                          0x080034b9   Thumb Code    10  stm32f0xx_it.o(i.ADC1_IRQHandler)
    DMA1_Channel1_IRQHandler                 0x080035dd   Thumb Code    10  stm32f0xx_it.o(i.DMA1_Channel1_IRQHandler)
    DMA1_Channel4_5_IRQHandler               0x080035ed   Thumb Code    16  stm32f0xx_it.o(i.DMA1_Channel4_5_IRQHandler)
    Error_Handler                            0x08003651   Thumb Code     2  main.o(i.Error_Handler)
    HAL_ADCEx_Calibration_Start              0x08003653   Thumb Code   176  stm32f0xx_hal_adc_ex.o(i.HAL_ADCEx_Calibration_Start)
    HAL_ADC_ConfigChannel                    0x08003705   Thumb Code   254  stm32f0xx_hal_adc.o(i.HAL_ADC_ConfigChannel)
    HAL_ADC_ConvCpltCallback                 0x08003815   Thumb Code     2  stm32f0xx_hal_adc.o(i.HAL_ADC_ConvCpltCallback)
    HAL_ADC_ConvHalfCpltCallback             0x08003817   Thumb Code     2  stm32f0xx_hal_adc.o(i.HAL_ADC_ConvHalfCpltCallback)
    HAL_ADC_ErrorCallback                    0x08003819   Thumb Code     2  stm32f0xx_hal_adc.o(i.HAL_ADC_ErrorCallback)
    HAL_ADC_IRQHandler                       0x0800381b   Thumb Code   208  stm32f0xx_hal_adc.o(i.HAL_ADC_IRQHandler)
    HAL_ADC_Init                             0x080038ed   Thumb Code   364  stm32f0xx_hal_adc.o(i.HAL_ADC_Init)
    HAL_ADC_LevelOutOfWindowCallback         0x08003a61   Thumb Code     2  stm32f0xx_hal_adc.o(i.HAL_ADC_LevelOutOfWindowCallback)
    HAL_ADC_MspInit                          0x08003a65   Thumb Code   168  stm32f0xx_hal_msp.o(i.HAL_ADC_MspInit)
    HAL_ADC_Start                            0x08003b21   Thumb Code    86  stm32f0xx_hal_adc.o(i.HAL_ADC_Start)
    HAL_ADC_Start_DMA                        0x08003b7d   Thumb Code   144  stm32f0xx_hal_adc.o(i.HAL_ADC_Start_DMA)
    HAL_DMA_Abort_IT                         0x08003c1d   Thumb Code    72  stm32f0xx_hal_dma.o(i.HAL_DMA_Abort_IT)
    HAL_DMA_IRQHandler                       0x08003c65   Thumb Code   156  stm32f0xx_hal_dma.o(i.HAL_DMA_IRQHandler)
    HAL_DMA_Init                             0x08003d01   Thumb Code    84  stm32f0xx_hal_dma.o(i.HAL_DMA_Init)
    HAL_DMA_Start_IT                         0x08003d59   Thumb Code   106  stm32f0xx_hal_dma.o(i.HAL_DMA_Start_IT)
    HAL_GPIO_Init                            0x08003dc5   Thumb Code   302  stm32f0xx_hal_gpio.o(i.HAL_GPIO_Init)
    HAL_GPIO_ReadPin                         0x08003f0d   Thumb Code    10  stm32f0xx_hal_gpio.o(i.HAL_GPIO_ReadPin)
    HAL_GPIO_WritePin                        0x08003f17   Thumb Code    12  stm32f0xx_hal_gpio.o(i.HAL_GPIO_WritePin)
    HAL_GetTick                              0x08003f25   Thumb Code     6  stm32f0xx_hal.o(i.HAL_GetTick)
    HAL_IncTick                              0x08003f31   Thumb Code    10  stm32f0xx_hal.o(i.HAL_IncTick)
    HAL_Init                                 0x08003f41   Thumb Code    26  stm32f0xx_hal.o(i.HAL_Init)
    HAL_InitTick                             0x08003f61   Thumb Code    34  stm32f0xx_hal.o(i.HAL_InitTick)
    HAL_MspInit                              0x08003f85   Thumb Code    44  stm32f0xx_hal_msp.o(i.HAL_MspInit)
    HAL_NVIC_EnableIRQ                       0x08003fb5   Thumb Code    14  stm32f0xx_hal_cortex.o(i.HAL_NVIC_EnableIRQ)
    HAL_NVIC_SetPriority                     0x08003fc9   Thumb Code     8  stm32f0xx_hal_cortex.o(i.HAL_NVIC_SetPriority)
    HAL_RCC_ClockConfig                      0x08003fd1   Thumb Code   280  stm32f0xx_hal_rcc.o(i.HAL_RCC_ClockConfig)
    HAL_RCC_GetHCLKFreq                      0x080040fd   Thumb Code     6  stm32f0xx_hal_rcc.o(i.HAL_RCC_GetHCLKFreq)
    HAL_RCC_GetPCLK1Freq                     0x08004109   Thumb Code    20  stm32f0xx_hal_rcc.o(i.HAL_RCC_GetPCLK1Freq)
    HAL_RCC_GetSysClockFreq                  0x08004129   Thumb Code    76  stm32f0xx_hal_rcc.o(i.HAL_RCC_GetSysClockFreq)
    HAL_RCC_OscConfig                        0x080041a1   Thumb Code   840  stm32f0xx_hal_rcc.o(i.HAL_RCC_OscConfig)
    HAL_SPI_Init                             0x080044f5   Thumb Code   184  stm32f0xx_hal_spi.o(i.HAL_SPI_Init)
    HAL_SPI_MspInit                          0x080045ad   Thumb Code    84  stm32f0xx_hal_msp.o(i.HAL_SPI_MspInit)
    HAL_SPI_Receive                          0x08004609   Thumb Code   344  stm32f0xx_hal_spi.o(i.HAL_SPI_Receive)
    HAL_SPI_Transmit                         0x08004761   Thumb Code   368  stm32f0xx_hal_spi.o(i.HAL_SPI_Transmit)
    HAL_SPI_TransmitReceive                  0x080048d1   Thumb Code   584  stm32f0xx_hal_spi.o(i.HAL_SPI_TransmitReceive)
    HAL_SYSTICK_Config                       0x08004b19   Thumb Code    38  stm32f0xx_hal_cortex.o(i.HAL_SYSTICK_Config)
    HAL_TIMEx_MasterConfigSynchronization    0x08004b49   Thumb Code    72  stm32f0xx_hal_tim_ex.o(i.HAL_TIMEx_MasterConfigSynchronization)
    HAL_TIM_MspPostInit                      0x08004b91   Thumb Code    68  stm32f0xx_hal_msp.o(i.HAL_TIM_MspPostInit)
    HAL_TIM_PWM_ConfigChannel                0x08004be1   Thumb Code   208  stm32f0xx_hal_tim.o(i.HAL_TIM_PWM_ConfigChannel)
    HAL_TIM_PWM_Init                         0x08004cb1   Thumb Code    52  stm32f0xx_hal_tim.o(i.HAL_TIM_PWM_Init)
    HAL_TIM_PWM_MspInit                      0x08004ce5   Thumb Code    28  stm32f0xx_hal_msp.o(i.HAL_TIM_PWM_MspInit)
    HAL_TIM_PWM_Start                        0x08004d09   Thumb Code    62  stm32f0xx_hal_tim.o(i.HAL_TIM_PWM_Start)
    HAL_UART_ErrorCallback                   0x08004d59   Thumb Code     2  stm32f0xx_hal_uart.o(i.HAL_UART_ErrorCallback)
    HAL_UART_IRQHandler                      0x08004d5d   Thumb Code   272  stm32f0xx_hal_uart.o(i.HAL_UART_IRQHandler)
    HAL_UART_Init                            0x08004e71   Thumb Code   108  stm32f0xx_hal_uart.o(i.HAL_UART_Init)
    HAL_UART_MspInit                         0x08004edd   Thumb Code   184  stm32f0xx_hal_msp.o(i.HAL_UART_MspInit)
    HAL_UART_Receive_DMA                     0x08004fa9   Thumb Code   150  stm32f0xx_hal_uart.o(i.HAL_UART_Receive_DMA)
    HAL_UART_RxCpltCallback                  0x0800504d   Thumb Code     2  stm32f0xx_hal_uart.o(i.HAL_UART_RxCpltCallback)
    HAL_UART_RxHalfCpltCallback              0x0800504f   Thumb Code     2  stm32f0xx_hal_uart.o(i.HAL_UART_RxHalfCpltCallback)
    HAL_UART_Transmit                        0x08005051   Thumb Code   200  stm32f0xx_hal_uart.o(i.HAL_UART_Transmit)
    HAL_UART_Transmit_DMA                    0x08005119   Thumb Code   138  stm32f0xx_hal_uart.o(i.HAL_UART_Transmit_DMA)
    HAL_UART_TxCpltCallback                  0x080051b1   Thumb Code     2  comm_module.o(i.HAL_UART_TxCpltCallback)
    HAL_UART_TxHalfCpltCallback              0x080051b3   Thumb Code     2  stm32f0xx_hal_uart.o(i.HAL_UART_TxHalfCpltCallback)
    HardFault_Handler                        0x080051b5   Thumb Code     2  stm32f0xx_it.o(i.HardFault_Handler)
    I2c_ReadByte                             0x080051b9   Thumb Code   152  i2c_hal.o(i.I2c_ReadByte)
    I2c_Start                                0x08005255   Thumb Code    70  i2c_hal.o(i.I2c_Start)
    I2c_Stop                                 0x080052a1   Thumb Code    70  i2c_hal.o(i.I2c_Stop)
    I2c_WriteByte                            0x080052ed   Thumb Code   154  i2c_hal.o(i.I2c_WriteByte)
    MX_USART2_UART_Init                      0x080055b5   Thumb Code    40  main.o(i.MX_USART2_UART_Init)
    NMI_Handler                              0x080055fb   Thumb Code     2  stm32f0xx_it.o(i.NMI_Handler)
    ParseAndSend                             0x08005641   Thumb Code    90  comm_task.o(i.ParseAndSend)
    Plate_Neb_Temp                           0x0800569d   Thumb Code    58  sampling_module.o(i.Plate_Neb_Temp)
    ProcessRcvedData                         0x080056e5   Thumb Code    48  comm_module.o(i.ProcessRcvedData)
    Process_UART_IDLE_INTERRUPT              0x08005795   Thumb Code    50  comm_module.o(i.Process_UART_IDLE_INTERRUPT)
    SF05_CheckCrc                            0x080057e9   Thumb Code    60  sf05.o(i.SF05_CheckCrc)
    SF05_GetFlow                             0x08005825   Thumb Code   150  sf05.o(i.SF05_GetFlow)
    SF05_Init                                0x080058c1   Thumb Code    58  sf05.o(i.SF05_Init)
    SF05_ReadCommandResult                   0x08005909   Thumb Code   204  sf05.o(i.SF05_ReadCommandResult)
    SF05_ReadCommandResultWithTimeout        0x080059dd   Thumb Code    48  sf05.o(i.SF05_ReadCommandResultWithTimeout)
    SF05_SetMeasurement                      0x08005a0d   Thumb Code    26  sf05.o(i.SF05_SetMeasurement)
    SF05_SoftReset                           0x08005a2d   Thumb Code    14  sf05.o(i.SF05_SoftReset)
    SF05_WriteCommand                        0x08005a41   Thumb Code   142  sf05.o(i.SF05_WriteCommand)
    SVC_Handler                              0x08005cc3   Thumb Code     2  port.o(i.SVC_Handler)
    SaveDataTo                               0x08005cc5   Thumb Code    82  comm_module.o(i.SaveDataTo)
    SoftReset                                0x08005d19   Thumb Code    18  comm_task.o(i.SoftReset)
    StartDefaultTask                         0x08005d35   Thumb Code     8  main.o(i.StartDefaultTask)
    SysTick_Handler                          0x08005d3d   Thumb Code    20  stm32f0xx_it.o(i.SysTick_Handler)
    SystemClock_Config                       0x08005d51   Thumb Code    80  main.o(i.SystemClock_Config)
    SystemInit                               0x08005da1   Thumb Code    78  system_stm32f0xx.o(i.SystemInit)
    TIM_Base_SetConfig                       0x08005dfd   Thumb Code   112  stm32f0xx_hal_tim.o(i.TIM_Base_SetConfig)
    TIM_CCxChannelCmd                        0x08005e85   Thumb Code    22  stm32f0xx_hal_tim.o(i.TIM_CCxChannelCmd)
    TIM_OC2_SetConfig                        0x08005f25   Thumb Code   110  stm32f0xx_hal_tim.o(i.TIM_OC2_SetConfig)
    UART_AdvFeatureConfig                    0x08006095   Thumb Code   202  stm32f0xx_hal_uart.o(i.UART_AdvFeatureConfig)
    UART_CheckIdleState                      0x0800615f   Thumb Code    18  stm32f0xx_hal_uart.o(i.UART_CheckIdleState)
    UART_EndTransmit_IT                      0x08006271   Thumb Code    26  stm32f0xx_hal_uart.o(i.UART_EndTransmit_IT)
    UART_Receive_IT                          0x0800629d   Thumb Code   122  stm32f0xx_hal_uart.o(i.UART_Receive_IT)
    UART_SetConfig                           0x08006319   Thumb Code   280  stm32f0xx_hal_uart.o(i.UART_SetConfig)
    UART_Transmit_IT                         0x08006449   Thumb Code   102  stm32f0xx_hal_uart.o(i.UART_Transmit_IT)
    UART_WaitOnFlagUntilTimeout              0x080064af   Thumb Code    98  stm32f0xx_hal_uart.o(i.UART_WaitOnFlagUntilTimeout)
    USART2_IRQHandler                        0x08006511   Thumb Code    16  stm32f0xx_it.o(i.USART2_IRQHandler)
    __0printf$8                              0x08006525   Thumb Code    24  printf8.o(i.__0printf$8)
    __1printf$8                              0x08006525   Thumb Code     0  printf8.o(i.__0printf$8)
    __2printf                                0x08006525   Thumb Code     0  printf8.o(i.__0printf$8)
    __ARM_clz                                0x08006545   Thumb Code    46  depilogue.o(i.__ARM_clz)
    __ARM_common_switch8                     0x08006573   Thumb Code    26  stm32f0xx_hal_tim.o(i.__ARM_common_switch8)
    __scatterload_copy                       0x0800658d   Thumb Code    14  handlers.o(i.__scatterload_copy)
    __scatterload_null                       0x0800659b   Thumb Code     2  handlers.o(i.__scatterload_null)
    __scatterload_zeroinit                   0x0800659d   Thumb Code    14  handlers.o(i.__scatterload_zeroinit)
    _get_memsic_flow                         0x080065ad   Thumb Code   154  sampling_module.o(i._get_memsic_flow)
    _get_senirion_flow                       0x0800664d   Thumb Code   162  sampling_module.o(i._get_senirion_flow)
    bsp_InitSFlash                           0x08006b6d   Thumb Code    96  bsp_spi_flash.o(i.bsp_InitSFlash)
    bsp_spiRead1                             0x08006bd5   Thumb Code    14  bsp_spi_flash.o(i.bsp_spiRead1)
    bubble_sort                              0x08006be3   Thumb Code    62  common.o(i.bubble_sort)
    com_only_avg                             0x08006c21   Thumb Code    30  common.o(i.com_only_avg)
    com_shift                                0x08006c3f   Thumb Code    32  common.o(i.com_shift)
    com_shift_avg                            0x08006c5f   Thumb Code    56  common.o(i.com_shift_avg)
    comm_task                                0x08006c99   Thumb Code   218  comm_task.o(i.comm_task)
    create_task                              0x08006dc5   Thumb Code    60  app.o(i.create_task)
    delay_us                                 0x08006e3d   Thumb Code    24  i2c_hal.o(i.delay_us)
    fill_up_sampling_module                  0x08006e55   Thumb Code    54  sampling_module.o(i.fill_up_sampling_module)
    flow_control_task                        0x08006e99   Thumb Code   146  flow_module.o(i.flow_control_task)
    flow_module_detect_flow                  0x08006f39   Thumb Code    36  flow_module.o(i.flow_module_detect_flow)
    fputc                                    0x08007021   Thumb Code    18  interface_module.o(i.fputc)
    free                                     0x0800703d   Thumb Code    80  malloc.o(i.free)
    i2c_io_change                            0x08007129   Thumb Code    88  i2c_hal.o(i.i2c_io_change)
    init_PID_parameters                      0x08007189   Thumb Code    30  flow_module.o(i.init_PID_parameters)
    interface_module_create_task             0x080071b1   Thumb Code     8  interface_module.o(i.interface_module_create_task)
    interface_module_init_sys                0x080071b9   Thumb Code    70  interface_module.o(i.interface_module_init_sys)
    interface_module_set_valve_putout        0x08007261   Thumb Code    26  flow_module.o(i.interface_module_set_valve_putout)
    interface_module_spi_read_byte           0x08007281   Thumb Code    18  interface_module.o(i.interface_module_spi_read_byte)
    interface_module_spi_write_byte          0x08007299   Thumb Code    18  interface_module.o(i.interface_module_spi_write_byte)
    main                                     0x080072b1   Thumb Code   176  main.o(i.main)
    malloc                                   0x08007389   Thumb Code    92  malloc.o(i.malloc)
    osDelay                                  0x080073f5   Thumb Code    16  cmsis_os.o(i.osDelay)
    osKernelStart                            0x08007405   Thumb Code    10  cmsis_os.o(i.osKernelStart)
    osThreadCreate                           0x0800740f   Thumb Code    46  cmsis_os.o(i.osThreadCreate)
    pvPortMalloc                             0x08007785   Thumb Code   172  heap_4.o(i.pvPortMalloc)
    pxPortInitialiseStack                    0x08007835   Thumb Code    28  port.o(i.pxPortInitialiseStack)
    re_cfg_PWM_Frequency                     0x08007855   Thumb Code   142  flow_module.o(i.re_cfg_PWM_Frequency)
    read_hardware                            0x080078f5   Thumb Code    58  sampling_module.o(i.read_hardware)
    sampling_module_detect_flow              0x08007939   Thumb Code   204  sampling_module.o(i.sampling_module_detect_flow)
    sampling_module_init                     0x08007a0d   Thumb Code    12  sampling_module.o(i.sampling_module_init)
    sampling_module_open_flow_sensor_power   0x08007a19   Thumb Code    28  sampling_module.o(i.sampling_module_open_flow_sensor_power)
    sampling_task                            0x08007a35   Thumb Code   100  sampling_module.o(i.sampling_task)
    saveAck2SndBuffer                        0x08007aa5   Thumb Code    60  comm_task.o(i.saveAck2SndBuffer)
    saveBaudSet2SndBuffer                    0x08007ae5   Thumb Code    86  comm_task.o(i.saveBaudSet2SndBuffer)
    saveRealPara2SndBuffer                   0x08007b45   Thumb Code   150  comm_task.o(i.saveRealPara2SndBuffer)
    saveVersion2SndBuffer                    0x08007bed   Thumb Code    74  comm_task.o(i.saveVersion2SndBuffer)
    saveVersionAndCRC2SndBuffer              0x08007c41   Thumb Code    78  comm_task.o(i.saveVersionAndCRC2SndBuffer)
    self_checking                            0x08007c95   Thumb Code    80  comm_task.o(i.self_checking)
    sendData                                 0x08007ced   Thumb Code    22  comm_module.o(i.sendData)
    send_modify_PID_result                   0x08007d69   Thumb Code    60  comm_task.o(i.send_modify_PID_result)
    send_pid_2_PC                            0x08007da9   Thumb Code   154  flow_module.o(i.send_pid_2_PC)
    send_valve_data_2_PC                     0x08007e4d   Thumb Code   152  comm_task.o(i.send_valve_data_2_PC)
    set_checkSum                             0x08007ef1   Thumb Code    38  comm_module.o(i.set_checkSum)
    set_flow_parameter                       0x08007f19   Thumb Code    92  flow_module.o(i.set_flow_parameter)
    set_pid                                  0x08007f7d   Thumb Code   158  flow_module.o(i.set_pid)
    set_pwm_dc                               0x08008021   Thumb Code    42  flow_module.o(i.set_pwm_dc)
    sf_ReadID                                0x08008051   Thumb Code    58  bsp_spi_flash.o(i.sf_ReadID)
    sf_ReadInfo                              0x08008091   Thumb Code    88  bsp_spi_flash.o(i.sf_ReadInfo)
    uart_Init                                0x08008171   Thumb Code    72  comm_module.o(i.uart_Init)
    uxListRemove                             0x080081c1   Thumb Code    36  list.o(i.uxListRemove)
    vListInitialise                          0x080081e5   Thumb Code    22  list.o(i.vListInitialise)
    vListInitialiseItem                      0x080081fb   Thumb Code     6  list.o(i.vListInitialiseItem)
    vListInsert                              0x08008201   Thumb Code    48  list.o(i.vListInsert)
    vListInsertEnd                           0x08008231   Thumb Code    24  list.o(i.vListInsertEnd)
    vPortEnterCritical                       0x08008249   Thumb Code    20  port.o(i.vPortEnterCritical)
    vPortExitCritical                        0x08008261   Thumb Code    22  port.o(i.vPortExitCritical)
    vPortFree                                0x0800827d   Thumb Code    62  heap_4.o(i.vPortFree)
    vPortSetupTimerInterrupt                 0x080082c1   Thumb Code    26  port.o(i.vPortSetupTimerInterrupt)
    vPortYield                               0x080082e5   Thumb Code    18  port.o(i.vPortYield)
    vTaskDelay                               0x080082fd   Thumb Code    44  tasks.o(i.vTaskDelay)
    vTaskStartScheduler                      0x0800832d   Thumb Code    58  tasks.o(i.vTaskStartScheduler)
    vTaskSuspendAll                          0x08008379   Thumb Code    10  tasks.o(i.vTaskSuspendAll)
    vTaskSwitchContext                       0x08008389   Thumb Code    78  tasks.o(i.vTaskSwitchContext)
    xPortStartScheduler                      0x080083e1   Thumb Code    40  port.o(i.xPortStartScheduler)
    xPortSysTickHandler                      0x08008411   Thumb Code    32  port.o(i.xPortSysTickHandler)
    xTaskCreate                              0x08008435   Thumb Code    78  tasks.o(i.xTaskCreate)
    xTaskGetSchedulerState                   0x08008485   Thumb Code    26  tasks.o(i.xTaskGetSchedulerState)
    xTaskIncrementTick                       0x080084a5   Thumb Code   180  tasks.o(i.xTaskIncrementTick)
    xTaskResumeAll                           0x08008561   Thumb Code   164  tasks.o(i.xTaskResumeAll)
    AHBPrescTable                            0x08008620   Data          16  system_stm32f0xx.o(.constdata)
    APBPrescTable                            0x08008630   Data           8  system_stm32f0xx.o(.constdata)
    crc_table                                0x08008638   Data         512  comm_module.o(.constdata)
    NTC_Plate_and_Neb_TAB                    0x08008838   Data        2600  sampling_module.o(.constdata)
    Region$$Table$$Base                      0x0800926c   Number         0  anon$$obj.o(Region$$Table)
    Region$$Table$$Limit                     0x0800928c   Number         0  anon$$obj.o(Region$$Table)
    VectorTable                              0x20000000   Data         192  main.o(.ARM.__AT_0x20000000)
    defaultTaskHandle                        0x200000c0   Data           4  main.o(.data)
    ADC_Value                                0x200000c4   Data           8  main.o(.data)
    uwTick                                   0x200000cc   Data           4  stm32f0xx_hal.o(.data)
    SystemCoreClock                          0x200000d0   Data           4  system_stm32f0xx.o(.data)
    pxCurrentTCB                             0x200000d4   Data           4  tasks.o(.data)
    p_max_val                                0x20000140   Data           4  flow_module.o(.data)
    i_max_val                                0x20000144   Data           4  flow_module.o(.data)
    i_min_val                                0x20000148   Data           4  flow_module.o(.data)
    pid_kp                                   0x2000014c   Data           4  flow_module.o(.data)
    pid_ki                                   0x20000150   Data           4  flow_module.o(.data)
    pid_kd                                   0x20000154   Data           4  flow_module.o(.data)
    value_ttt                                0x20000158   Data           4  flow_module.o(.data)
    out_flash                                0x20000170   Data           1  sampling_module.o(.data)
    led_delay                                0x20000172   Data           2  sampling_module.o(.data)
    uiID                                     0x20000180   Data           4  sampling_module.o(.data)
    ackerror                                 0x20000185   Data           1  comm_task.o(.data)
    uart_flag                                0x20000186   Data           1  comm_task.o(.data)
    set_baud_rate                            0x20000188   Data           2  comm_task.o(.data)
    hardware_versions                        0x2000018a   Data           2  comm_task.o(.data)
    runing_state                             0x2000018c   Data           4  comm_task.o(.data)
    band_rate                                0x20000190   Data           4  comm_task.o(.data)
    currentCommand_ch1                       0x200001a4   Data           2  sf05.o(.data)
    currentCommand_ch2                       0x200001a6   Data           2  sf05.o(.data)
    currentCommand_ch3                       0x200001a8   Data           2  sf05.o(.data)
    FLOW_MEASUREMENT                         0x200001aa   Data           2  sf05.o(.data)
    READ_STATUS                              0x200001ac   Data           2  sf05.o(.data)
    READ_ID                                  0x200001ae   Data           2  sf05.o(.data)
    SOFT_RESET                               0x200001b0   Data           2  sf05.o(.data)
    I2C_ADR                                  0x200001b2   Data           1  i2c_hal.o(.data)
    I2C_WRITE                                0x200001b3   Data           1  i2c_hal.o(.data)
    I2C_READ                                 0x200001b4   Data           1  i2c_hal.o(.data)
    __stdout                                 0x200001b8   Data           4  stdout.o(.data)
    __microlib_freelist                      0x200001bc   Data           4  mvars.o(.data)
    __microlib_freelist_initialised          0x200001c0   Data           4  mvars.o(.data)
    hadc                                     0x200001c4   Data          76  main.o(.bss)
    hspi1                                    0x20000210   Data         100  main.o(.bss)
    htim3                                    0x20000274   Data          64  main.o(.bss)
    huart2                                   0x200002b4   Data         112  main.o(.bss)
    hdma_adc                                 0x20000324   Data          68  main.o(.bss)
    hdma_usart2_rx                           0x20000368   Data          68  main.o(.bss)
    hdma_usart2_tx                           0x200003ac   Data          68  main.o(.bss)
    g_UART2_recvBuffer                       0x200014e0   Data         100  comm_module.o(.bss)
    g_UART2_preProcess_Buffer                0x20001544   Data         100  comm_module.o(.bss)
    UART2_rcv_Ctrl                           0x200015a8   Data          12  comm_module.o(.bss)
    UART2_send_ctrl                          0x200015b4   Data          36  comm_module.o(.bss)
    flow_array_buf                           0x200015d8   Data          10  flow_module.o(.bss)
    flow_module                              0x200015e2   Data          10  flow_module.o(.bss)
    flow_pid                                 0x200015ec   Data          24  flow_module.o(.bss)
    adc_buffer                               0x20001604   Data          10  interface_module.o(.bss)
    sampling_module                          0x2000160e   Data          14  sampling_module.o(.bss)
    valve_para                               0x2000161c   Data          10  comm_task.o(.bss)
    g_tSF                                    0x2000163c   Data          28  bsp_spi_flash.o(.bss)
    __heap_base                              0x20001658   Data           0  startup_stm32f030x8.o(HEAP)
    __heap_limit                             0x200018b8   Data           0  startup_stm32f030x8.o(HEAP)
    __initial_sp                             0x20001db8   Data           0  startup_stm32f030x8.o(STACK)



==============================================================================

Memory Map of the image

  Image Entry point : 0x080030b5

  Load Region LR_IROM1 (Base: 0x08003000, Size: 0x00006390, Max: 0x0000d000, ABSOLUTE)

    Execution Region ER_IROM1 (Exec base: 0x08003000, Load base: 0x08003000, Size: 0x0000628c, Max: 0x0000d000, ABSOLUTE)

    Exec Addr    Load Addr    Size         Type   Attr      Idx    E Section Name        Object

    0x08003000   0x08003000   0x000000b4   Data   RO            3    RESET               startup_stm32f030x8.o
    0x080030b4   0x080030b4   0x00000000   Code   RO         5543  * .ARM.Collect$$$$00000000  mc_p.l(entry.o)
    0x080030b4   0x080030b4   0x00000004   Code   RO         5865    .ARM.Collect$$$$00000001  mc_p.l(entry2.o)
    0x080030b8   0x080030b8   0x00000004   Code   RO         5868    .ARM.Collect$$$$00000004  mc_p.l(entry5.o)
    0x080030bc   0x080030bc   0x00000000   Code   RO         5870    .ARM.Collect$$$$00000008  mc_p.l(entry7b.o)
    0x080030bc   0x080030bc   0x00000000   Code   RO         5872    .ARM.Collect$$$$0000000A  mc_p.l(entry8b.o)
    0x080030bc   0x080030bc   0x00000008   Code   RO         5873    .ARM.Collect$$$$0000000B  mc_p.l(entry9a.o)
    0x080030c4   0x080030c4   0x00000000   Code   RO         5875    .ARM.Collect$$$$0000000D  mc_p.l(entry10a.o)
    0x080030c4   0x080030c4   0x00000000   Code   RO         5877    .ARM.Collect$$$$0000000F  mc_p.l(entry11a.o)
    0x080030c4   0x080030c4   0x00000004   Code   RO         5866    .ARM.Collect$$$$00002712  mc_p.l(entry2.o)
    0x080030c8   0x080030c8   0x00000078   Code   RO         4443    .emb_text           port.o
    0x08003140   0x08003140   0x0000001c   Code   RO            4    .text               startup_stm32f030x8.o
    0x0800315c   0x0800315c   0x0000002c   Code   RO         5546    .text               mc_p.l(uidiv.o)
    0x08003188   0x08003188   0x00000028   Code   RO         5548    .text               mc_p.l(idiv.o)
    0x080031b0   0x080031b0   0x00000022   Code   RO         5550    .text               mc_p.l(llushr.o)
    0x080031d2   0x080031d2   0x00000024   Code   RO         5552    .text               mc_p.l(memcpya.o)
    0x080031f6   0x080031f6   0x00000024   Code   RO         5554    .text               mc_p.l(memseta.o)
    0x0800321a   0x0800321a   0x00000012   Code   RO         5558    .text               mc_p.l(strcpy.o)
    0x0800322c   0x0800322c   0x000000d0   Code   RO         5853    .text               mf_p.l(dmul.o)
    0x080032fc   0x080032fc   0x0000001c   Code   RO         5859    .text               mf_p.l(dfltui.o)
    0x08003318   0x08003318   0x0000003c   Code   RO         5863    .text               mf_p.l(dfixui.o)
    0x08003354   0x08003354   0x00000060   Code   RO         5880    .text               mc_p.l(uldiv.o)
    0x080033b4   0x080033b4   0x00000000   Code   RO         5884    .text               mc_p.l(iusefp.o)
    0x080033b4   0x080033b4   0x000000be   Code   RO         5887    .text               mf_p.l(depilogue.o)
    0x08003472   0x08003472   0x00000002   PAD
    0x08003474   0x08003474   0x00000024   Code   RO         5899    .text               mc_p.l(init.o)
    0x08003498   0x08003498   0x00000020   Code   RO         5901    .text               mc_p.l(llshl.o)
    0x080034b8   0x080034b8   0x00000010   Code   RO          271    i.ADC1_IRQHandler   stm32f0xx_it.o
    0x080034c8   0x080034c8   0x0000006c   Code   RO          423    i.ADC_DMAConvCplt   stm32f0xx_hal_adc.o
    0x08003534   0x08003534   0x0000001a   Code   RO          424    i.ADC_DMAError      stm32f0xx_hal_adc.o
    0x0800354e   0x0800354e   0x0000000a   Code   RO          425    i.ADC_DMAHalfConvCplt  stm32f0xx_hal_adc.o
    0x08003558   0x08003558   0x00000084   Code   RO          427    i.ADC_Enable        stm32f0xx_hal_adc.o
    0x080035dc   0x080035dc   0x00000010   Code   RO          272    i.DMA1_Channel1_IRQHandler  stm32f0xx_it.o
    0x080035ec   0x080035ec   0x00000018   Code   RO          273    i.DMA1_Channel4_5_IRQHandler  stm32f0xx_it.o
    0x08003604   0x08003604   0x00000024   Code   RO         2985    i.DMA_CalcBaseAndBitshift  stm32f0xx_hal_dma.o
    0x08003628   0x08003628   0x00000028   Code   RO         2986    i.DMA_SetConfig     stm32f0xx_hal_dma.o
    0x08003650   0x08003650   0x00000002   Code   RO           12    i.Error_Handler     main.o
    0x08003652   0x08003652   0x000000b0   Code   RO          598    i.HAL_ADCEx_Calibration_Start  stm32f0xx_hal_adc_ex.o
    0x08003702   0x08003702   0x00000002   PAD
    0x08003704   0x08003704   0x00000110   Code   RO          429    i.HAL_ADC_ConfigChannel  stm32f0xx_hal_adc.o
    0x08003814   0x08003814   0x00000002   Code   RO          430    i.HAL_ADC_ConvCpltCallback  stm32f0xx_hal_adc.o
    0x08003816   0x08003816   0x00000002   Code   RO          431    i.HAL_ADC_ConvHalfCpltCallback  stm32f0xx_hal_adc.o
    0x08003818   0x08003818   0x00000002   Code   RO          433    i.HAL_ADC_ErrorCallback  stm32f0xx_hal_adc.o
    0x0800381a   0x0800381a   0x000000d0   Code   RO          437    i.HAL_ADC_IRQHandler  stm32f0xx_hal_adc.o
    0x080038ea   0x080038ea   0x00000002   PAD
    0x080038ec   0x080038ec   0x00000174   Code   RO          438    i.HAL_ADC_Init      stm32f0xx_hal_adc.o
    0x08003a60   0x08003a60   0x00000002   Code   RO          439    i.HAL_ADC_LevelOutOfWindowCallback  stm32f0xx_hal_adc.o
    0x08003a62   0x08003a62   0x00000002   PAD
    0x08003a64   0x08003a64   0x000000bc   Code   RO          348    i.HAL_ADC_MspInit   stm32f0xx_hal_msp.o
    0x08003b20   0x08003b20   0x0000005c   Code   RO          444    i.HAL_ADC_Start     stm32f0xx_hal_adc.o
    0x08003b7c   0x08003b7c   0x000000a0   Code   RO          445    i.HAL_ADC_Start_DMA  stm32f0xx_hal_adc.o
    0x08003c1c   0x08003c1c   0x00000048   Code   RO         2988    i.HAL_DMA_Abort_IT  stm32f0xx_hal_dma.o
    0x08003c64   0x08003c64   0x0000009c   Code   RO         2992    i.HAL_DMA_IRQHandler  stm32f0xx_hal_dma.o
    0x08003d00   0x08003d00   0x00000058   Code   RO         2993    i.HAL_DMA_Init      stm32f0xx_hal_dma.o
    0x08003d58   0x08003d58   0x0000006a   Code   RO         2997    i.HAL_DMA_Start_IT  stm32f0xx_hal_dma.o
    0x08003dc2   0x08003dc2   0x00000002   PAD
    0x08003dc4   0x08003dc4   0x00000148   Code   RO         2926    i.HAL_GPIO_Init     stm32f0xx_hal_gpio.o
    0x08003f0c   0x08003f0c   0x0000000a   Code   RO         2928    i.HAL_GPIO_ReadPin  stm32f0xx_hal_gpio.o
    0x08003f16   0x08003f16   0x0000000c   Code   RO         2930    i.HAL_GPIO_WritePin  stm32f0xx_hal_gpio.o
    0x08003f22   0x08003f22   0x00000002   PAD
    0x08003f24   0x08003f24   0x0000000c   Code   RO         2333    i.HAL_GetTick       stm32f0xx_hal.o
    0x08003f30   0x08003f30   0x00000010   Code   RO         2337    i.HAL_IncTick       stm32f0xx_hal.o
    0x08003f40   0x08003f40   0x00000020   Code   RO         2338    i.HAL_Init          stm32f0xx_hal.o
    0x08003f60   0x08003f60   0x00000022   Code   RO         2339    i.HAL_InitTick      stm32f0xx_hal.o
    0x08003f82   0x08003f82   0x00000002   PAD
    0x08003f84   0x08003f84   0x00000030   Code   RO          349    i.HAL_MspInit       stm32f0xx_hal_msp.o
    0x08003fb4   0x08003fb4   0x00000014   Code   RO         3083    i.HAL_NVIC_EnableIRQ  stm32f0xx_hal_cortex.o
    0x08003fc8   0x08003fc8   0x00000008   Code   RO         3087    i.HAL_NVIC_SetPriority  stm32f0xx_hal_cortex.o
    0x08003fd0   0x08003fd0   0x0000012c   Code   RO         2201    i.HAL_RCC_ClockConfig  stm32f0xx_hal_rcc.o
    0x080040fc   0x080040fc   0x0000000c   Code   RO         2206    i.HAL_RCC_GetHCLKFreq  stm32f0xx_hal_rcc.o
    0x08004108   0x08004108   0x00000020   Code   RO         2208    i.HAL_RCC_GetPCLK1Freq  stm32f0xx_hal_rcc.o
    0x08004128   0x08004128   0x00000078   Code   RO         2209    i.HAL_RCC_GetSysClockFreq  stm32f0xx_hal_rcc.o
    0x080041a0   0x080041a0   0x00000354   Code   RO         2212    i.HAL_RCC_OscConfig  stm32f0xx_hal_rcc.o
    0x080044f4   0x080044f4   0x000000b8   Code   RO          629    i.HAL_SPI_Init      stm32f0xx_hal_spi.o
    0x080045ac   0x080045ac   0x0000005c   Code   RO          351    i.HAL_SPI_MspInit   stm32f0xx_hal_msp.o
    0x08004608   0x08004608   0x00000158   Code   RO          632    i.HAL_SPI_Receive   stm32f0xx_hal_spi.o
    0x08004760   0x08004760   0x00000170   Code   RO          637    i.HAL_SPI_Transmit  stm32f0xx_hal_spi.o
    0x080048d0   0x080048d0   0x00000248   Code   RO          638    i.HAL_SPI_TransmitReceive  stm32f0xx_hal_spi.o
    0x08004b18   0x08004b18   0x00000030   Code   RO         3091    i.HAL_SYSTICK_Config  stm32f0xx_hal_cortex.o
    0x08004b48   0x08004b48   0x00000048   Code   RO         1619    i.HAL_TIMEx_MasterConfigSynchronization  stm32f0xx_hal_tim_ex.o
    0x08004b90   0x08004b90   0x00000050   Code   RO          352    i.HAL_TIM_MspPostInit  stm32f0xx_hal_msp.o
    0x08004be0   0x08004be0   0x000000d0   Code   RO         1031    i.HAL_TIM_PWM_ConfigChannel  stm32f0xx_hal_tim.o
    0x08004cb0   0x08004cb0   0x00000034   Code   RO         1034    i.HAL_TIM_PWM_Init  stm32f0xx_hal_tim.o
    0x08004ce4   0x08004ce4   0x00000024   Code   RO          354    i.HAL_TIM_PWM_MspInit  stm32f0xx_hal_msp.o
    0x08004d08   0x08004d08   0x00000050   Code   RO         1038    i.HAL_TIM_PWM_Start  stm32f0xx_hal_tim.o
    0x08004d58   0x08004d58   0x00000002   Code   RO         1857    i.HAL_UART_ErrorCallback  stm32f0xx_hal_uart.o
    0x08004d5a   0x08004d5a   0x00000002   PAD
    0x08004d5c   0x08004d5c   0x00000114   Code   RO         1860    i.HAL_UART_IRQHandler  stm32f0xx_hal_uart.o
    0x08004e70   0x08004e70   0x0000006c   Code   RO         1861    i.HAL_UART_Init     stm32f0xx_hal_uart.o
    0x08004edc   0x08004edc   0x000000cc   Code   RO          356    i.HAL_UART_MspInit  stm32f0xx_hal_msp.o
    0x08004fa8   0x08004fa8   0x000000a4   Code   RO         1865    i.HAL_UART_Receive_DMA  stm32f0xx_hal_uart.o
    0x0800504c   0x0800504c   0x00000002   Code   RO         1867    i.HAL_UART_RxCpltCallback  stm32f0xx_hal_uart.o
    0x0800504e   0x0800504e   0x00000002   Code   RO         1868    i.HAL_UART_RxHalfCpltCallback  stm32f0xx_hal_uart.o
    0x08005050   0x08005050   0x000000c8   Code   RO         1869    i.HAL_UART_Transmit  stm32f0xx_hal_uart.o
    0x08005118   0x08005118   0x00000098   Code   RO         1870    i.HAL_UART_Transmit_DMA  stm32f0xx_hal_uart.o
    0x080051b0   0x080051b0   0x00000002   Code   RO         4558    i.HAL_UART_TxCpltCallback  comm_module.o
    0x080051b2   0x080051b2   0x00000002   Code   RO         1873    i.HAL_UART_TxHalfCpltCallback  stm32f0xx_hal_uart.o
    0x080051b4   0x080051b4   0x00000002   Code   RO          274    i.HardFault_Handler  stm32f0xx_it.o
    0x080051b6   0x080051b6   0x00000002   PAD
    0x080051b8   0x080051b8   0x0000009c   Code   RO         5265    i.I2c_ReadByte      i2c_hal.o
    0x08005254   0x08005254   0x0000004c   Code   RO         5266    i.I2c_Start         i2c_hal.o
    0x080052a0   0x080052a0   0x0000004c   Code   RO         5267    i.I2c_Stop          i2c_hal.o
    0x080052ec   0x080052ec   0x000000a4   Code   RO         5268    i.I2c_WriteByte     i2c_hal.o
    0x08005390   0x08005390   0x00000074   Code   RO           13    i.MX_ADC_Init       main.o
    0x08005404   0x08005404   0x00000104   Code   RO           14    i.MX_GPIO_Init      main.o
    0x08005508   0x08005508   0x00000044   Code   RO           15    i.MX_SPI1_Init      main.o
    0x0800554c   0x0800554c   0x00000068   Code   RO           16    i.MX_TIM3_Init      main.o
    0x080055b4   0x080055b4   0x00000034   Code   RO           17    i.MX_USART2_UART_Init  main.o
    0x080055e8   0x080055e8   0x00000012   Code   RO         4559    i.Move_to_Next_buffer  comm_module.o
    0x080055fa   0x080055fa   0x00000002   Code   RO          275    i.NMI_Handler       stm32f0xx_it.o
    0x080055fc   0x080055fc   0x00000044   Code   RO         3093    i.NVIC_SetPriority  stm32f0xx_hal_cortex.o
    0x08005640   0x08005640   0x0000005a   Code   RO         4946    i.ParseAndSend      comm_task.o
    0x0800569a   0x0800569a   0x00000002   PAD
    0x0800569c   0x0800569c   0x00000048   Code   RO         4860    i.Plate_Neb_Temp    sampling_module.o
    0x080056e4   0x080056e4   0x00000038   Code   RO         4560    i.ProcessRcvedData  comm_module.o
    0x0800571c   0x0800571c   0x00000078   Code   RO         4947    i.Process_DrvBrd_Msg  comm_task.o
    0x08005794   0x08005794   0x00000044   Code   RO         4561    i.Process_UART_IDLE_INTERRUPT  comm_module.o
    0x080057d8   0x080057d8   0x00000010   Code   RO         4948    i.Process_ValveCtrl_Msg  comm_task.o
    0x080057e8   0x080057e8   0x0000003c   Code   RO         5187    i.SF05_CheckCrc     sf05.o
    0x08005824   0x08005824   0x0000009c   Code   RO         5188    i.SF05_GetFlow      sf05.o
    0x080058c0   0x080058c0   0x00000048   Code   RO         5191    i.SF05_Init         sf05.o
    0x08005908   0x08005908   0x000000d4   Code   RO         5192    i.SF05_ReadCommandResult  sf05.o
    0x080059dc   0x080059dc   0x00000030   Code   RO         5193    i.SF05_ReadCommandResultWithTimeout  sf05.o
    0x08005a0c   0x08005a0c   0x00000020   Code   RO         5194    i.SF05_SetMeasurement  sf05.o
    0x08005a2c   0x08005a2c   0x00000014   Code   RO         5195    i.SF05_SoftReset    sf05.o
    0x08005a40   0x08005a40   0x0000009c   Code   RO         5196    i.SF05_WriteCommand  sf05.o
    0x08005adc   0x08005adc   0x00000078   Code   RO          666    i.SPI_EndRxTransaction  stm32f0xx_hal_spi.o
    0x08005b54   0x08005b54   0x0000004c   Code   RO          667    i.SPI_EndRxTxTransaction  stm32f0xx_hal_spi.o
    0x08005ba0   0x08005ba0   0x00000096   Code   RO          672    i.SPI_WaitFifoStateUntilTimeout  stm32f0xx_hal_spi.o
    0x08005c36   0x08005c36   0x0000008c   Code   RO          673    i.SPI_WaitFlagStateUntilTimeout  stm32f0xx_hal_spi.o
    0x08005cc2   0x08005cc2   0x00000002   Code   RO         4444    i.SVC_Handler       port.o
    0x08005cc4   0x08005cc4   0x00000052   Code   RO         4562    i.SaveDataTo        comm_module.o
    0x08005d16   0x08005d16   0x00000002   PAD
    0x08005d18   0x08005d18   0x0000001c   Code   RO         4949    i.SoftReset         comm_task.o
    0x08005d34   0x08005d34   0x00000008   Code   RO           18    i.StartDefaultTask  main.o
    0x08005d3c   0x08005d3c   0x00000014   Code   RO          276    i.SysTick_Handler   stm32f0xx_it.o
    0x08005d50   0x08005d50   0x00000050   Code   RO           19    i.SystemClock_Config  main.o
    0x08005da0   0x08005da0   0x0000005c   Code   RO         3456    i.SystemInit        system_stm32f0xx.o
    0x08005dfc   0x08005dfc   0x00000088   Code   RO         1049    i.TIM_Base_SetConfig  stm32f0xx_hal_tim.o
    0x08005e84   0x08005e84   0x00000016   Code   RO         1050    i.TIM_CCxChannelCmd  stm32f0xx_hal_tim.o
    0x08005e9a   0x08005e9a   0x00000002   PAD
    0x08005e9c   0x08005e9c   0x00000088   Code   RO         1058    i.TIM_OC1_SetConfig  stm32f0xx_hal_tim.o
    0x08005f24   0x08005f24   0x00000080   Code   RO         1059    i.TIM_OC2_SetConfig  stm32f0xx_hal_tim.o
    0x08005fa4   0x08005fa4   0x00000084   Code   RO         1060    i.TIM_OC3_SetConfig  stm32f0xx_hal_tim.o
    0x08006028   0x08006028   0x0000006c   Code   RO         1061    i.TIM_OC4_SetConfig  stm32f0xx_hal_tim.o
    0x08006094   0x08006094   0x000000ca   Code   RO         1874    i.UART_AdvFeatureConfig  stm32f0xx_hal_uart.o
    0x0800615e   0x0800615e   0x00000012   Code   RO         1875    i.UART_CheckIdleState  stm32f0xx_hal_uart.o
    0x08006170   0x08006170   0x00000014   Code   RO         1876    i.UART_DMAAbortOnError  stm32f0xx_hal_uart.o
    0x08006184   0x08006184   0x0000004a   Code   RO         1877    i.UART_DMAError     stm32f0xx_hal_uart.o
    0x080061ce   0x080061ce   0x00000040   Code   RO         1878    i.UART_DMAReceiveCplt  stm32f0xx_hal_uart.o
    0x0800620e   0x0800620e   0x0000000a   Code   RO         1880    i.UART_DMARxHalfCplt  stm32f0xx_hal_uart.o
    0x08006218   0x08006218   0x00000030   Code   RO         1882    i.UART_DMATransmitCplt  stm32f0xx_hal_uart.o
    0x08006248   0x08006248   0x0000000a   Code   RO         1884    i.UART_DMATxHalfCplt  stm32f0xx_hal_uart.o
    0x08006252   0x08006252   0x0000001e   Code   RO         1886    i.UART_EndRxTransfer  stm32f0xx_hal_uart.o
    0x08006270   0x08006270   0x0000001a   Code   RO         1887    i.UART_EndTransmit_IT  stm32f0xx_hal_uart.o
    0x0800628a   0x0800628a   0x00000012   Code   RO         1888    i.UART_EndTxTransfer  stm32f0xx_hal_uart.o
    0x0800629c   0x0800629c   0x0000007a   Code   RO         1889    i.UART_Receive_IT   stm32f0xx_hal_uart.o
    0x08006316   0x08006316   0x00000002   PAD
    0x08006318   0x08006318   0x00000130   Code   RO         1890    i.UART_SetConfig    stm32f0xx_hal_uart.o
    0x08006448   0x08006448   0x00000066   Code   RO         1891    i.UART_Transmit_IT  stm32f0xx_hal_uart.o
    0x080064ae   0x080064ae   0x00000062   Code   RO         1892    i.UART_WaitOnFlagUntilTimeout  stm32f0xx_hal_uart.o
    0x08006510   0x08006510   0x00000014   Code   RO          277    i.USART2_IRQHandler  stm32f0xx_it.o
    0x08006524   0x08006524   0x00000020   Code   RO         5769    i.__0printf$8       mc_p.l(printf8.o)
    0x08006544   0x08006544   0x0000002e   Code   RO         5889    i.__ARM_clz         mf_p.l(depilogue.o)
    0x08006572   0x08006572   0x0000001a   Code   RO         1594    i.__ARM_common_switch8  stm32f0xx_hal_tim.o
    0x0800658c   0x0800658c   0x0000000e   Code   RO         5907    i.__scatterload_copy  mc_p.l(handlers.o)
    0x0800659a   0x0800659a   0x00000002   Code   RO         5908    i.__scatterload_null  mc_p.l(handlers.o)
    0x0800659c   0x0800659c   0x0000000e   Code   RO         5909    i.__scatterload_zeroinit  mc_p.l(handlers.o)
    0x080065aa   0x080065aa   0x00000002   PAD
    0x080065ac   0x080065ac   0x000000a0   Code   RO         4861    i._get_memsic_flow  sampling_module.o
    0x0800664c   0x0800664c   0x000000ac   Code   RO         4862    i._get_senirion_flow  sampling_module.o
    0x080066f8   0x080066f8   0x00000428   Code   RO         5776    i._printf_core      mc_p.l(printf8.o)
    0x08006b20   0x08006b20   0x00000020   Code   RO         5777    i._printf_post_padding  mc_p.l(printf8.o)
    0x08006b40   0x08006b40   0x0000002c   Code   RO         5778    i._printf_pre_padding  mc_p.l(printf8.o)
    0x08006b6c   0x08006b6c   0x00000068   Code   RO         5078    i.bsp_InitSFlash    bsp_spi_flash.o
    0x08006bd4   0x08006bd4   0x0000000e   Code   RO         5079    i.bsp_spiRead1      bsp_spi_flash.o
    0x08006be2   0x08006be2   0x0000003e   Code   RO         5376    i.bubble_sort       common.o
    0x08006c20   0x08006c20   0x0000001e   Code   RO         5379    i.com_only_avg      common.o
    0x08006c3e   0x08006c3e   0x00000020   Code   RO         5380    i.com_shift         common.o
    0x08006c5e   0x08006c5e   0x00000038   Code   RO         5381    i.com_shift_avg     common.o
    0x08006c96   0x08006c96   0x00000002   PAD
    0x08006c98   0x08006c98   0x000000fc   Code   RO         4951    i.comm_task         comm_task.o
    0x08006d94   0x08006d94   0x00000030   Code   RO         4563    i.crc_16            comm_module.o
    0x08006dc4   0x08006dc4   0x00000078   Code   RO         4516    i.create_task       app.o
    0x08006e3c   0x08006e3c   0x00000018   Code   RO         5269    i.delay_us          i2c_hal.o
    0x08006e54   0x08006e54   0x00000044   Code   RO         4863    i.fill_up_sampling_module  sampling_module.o
    0x08006e98   0x08006e98   0x000000a0   Code   RO         4663    i.flow_control_task  flow_module.o
    0x08006f38   0x08006f38   0x0000002c   Code   RO         4664    i.flow_module_detect_flow  flow_module.o
    0x08006f64   0x08006f64   0x000000bc   Code   RO         4666    i.flow_pid_calc     flow_module.o
    0x08007020   0x08007020   0x0000001c   Code   RO         4767    i.fputc             interface_module.o
    0x0800703c   0x0800703c   0x00000054   Code   RO         5823    i.free              mc_p.l(malloc.o)
    0x08007090   0x08007090   0x00000098   Code   RO         4564    i.getRcvData2PreProBuf  comm_module.o
    0x08007128   0x08007128   0x00000060   Code   RO         5270    i.i2c_io_change     i2c_hal.o
    0x08007188   0x08007188   0x00000028   Code   RO         4667    i.init_PID_parameters  flow_module.o
    0x080071b0   0x080071b0   0x00000008   Code   RO         4768    i.interface_module_create_task  interface_module.o
    0x080071b8   0x080071b8   0x000000a8   Code   RO         4770    i.interface_module_init_sys  interface_module.o
    0x08007260   0x08007260   0x00000020   Code   RO         4668    i.interface_module_set_valve_putout  flow_module.o
    0x08007280   0x08007280   0x00000018   Code   RO         4773    i.interface_module_spi_read_byte  interface_module.o
    0x08007298   0x08007298   0x00000018   Code   RO         4774    i.interface_module_spi_write_byte  interface_module.o
    0x080072b0   0x080072b0   0x000000cc   Code   RO           20    i.main              main.o
    0x0800737c   0x0800737c   0x0000000c   Code   RO         4036    i.makeFreeRtosPriority  cmsis_os.o
    0x08007388   0x08007388   0x0000006c   Code   RO         5824    i.malloc            mc_p.l(malloc.o)
    0x080073f4   0x080073f4   0x00000010   Code   RO         4038    i.osDelay           cmsis_os.o
    0x08007404   0x08007404   0x0000000a   Code   RO         4041    i.osKernelStart     cmsis_os.o
    0x0800740e   0x0800740e   0x0000002e   Code   RO         4075    i.osThreadCreate    cmsis_os.o
    0x0800743c   0x0800743c   0x0000007c   Code   RO         4565    i.processData2Ctrollor  comm_module.o
    0x080074b8   0x080074b8   0x00000058   Code   RO         3747    i.prvAddCurrentTaskToDelayedList  tasks.o
    0x08007510   0x08007510   0x000000b8   Code   RO         3748    i.prvAddNewTaskToReadyList  tasks.o
    0x080075c8   0x080075c8   0x00000050   Code   RO         3749    i.prvCheckTasksWaitingTermination  tasks.o
    0x08007618   0x08007618   0x00000012   Code   RO         3750    i.prvDeleteTCB      tasks.o
    0x0800762a   0x0800762a   0x00000002   PAD
    0x0800762c   0x0800762c   0x00000044   Code   RO         4394    i.prvHeapInit       heap_4.o
    0x08007670   0x08007670   0x00000018   Code   RO         3751    i.prvIdleTask       tasks.o
    0x08007688   0x08007688   0x0000007c   Code   RO         3752    i.prvInitialiseNewTask  tasks.o
    0x08007704   0x08007704   0x0000004c   Code   RO         4395    i.prvInsertBlockIntoFreeList  heap_4.o
    0x08007750   0x08007750   0x00000020   Code   RO         3753    i.prvResetNextTaskUnblockTime  tasks.o
    0x08007770   0x08007770   0x00000014   Code   RO         4445    i.prvTaskExitError  port.o
    0x08007784   0x08007784   0x000000b0   Code   RO         4396    i.pvPortMalloc      heap_4.o
    0x08007834   0x08007834   0x00000020   Code   RO         4446    i.pxPortInitialiseStack  port.o
    0x08007854   0x08007854   0x000000a0   Code   RO         4669    i.re_cfg_PWM_Frequency  flow_module.o
    0x080078f4   0x080078f4   0x00000044   Code   RO         4864    i.read_hardware     sampling_module.o
    0x08007938   0x08007938   0x000000d4   Code   RO         4865    i.sampling_module_detect_flow  sampling_module.o
    0x08007a0c   0x08007a0c   0x0000000c   Code   RO         4866    i.sampling_module_init  sampling_module.o
    0x08007a18   0x08007a18   0x0000001c   Code   RO         4867    i.sampling_module_open_flow_sensor_power  sampling_module.o
    0x08007a34   0x08007a34   0x00000070   Code   RO         4868    i.sampling_task     sampling_module.o
    0x08007aa4   0x08007aa4   0x00000040   Code   RO         4952    i.saveAck2SndBuffer  comm_task.o
    0x08007ae4   0x08007ae4   0x00000060   Code   RO         4953    i.saveBaudSet2SndBuffer  comm_task.o
    0x08007b44   0x08007b44   0x000000a8   Code   RO         4954    i.saveRealPara2SndBuffer  comm_task.o
    0x08007bec   0x08007bec   0x00000054   Code   RO         4955    i.saveVersion2SndBuffer  comm_task.o
    0x08007c40   0x08007c40   0x00000054   Code   RO         4956    i.saveVersionAndCRC2SndBuffer  comm_task.o
    0x08007c94   0x08007c94   0x00000058   Code   RO         4957    i.self_checking     comm_task.o
    0x08007cec   0x08007cec   0x00000020   Code   RO         4566    i.sendData          comm_module.o
    0x08007d0c   0x08007d0c   0x0000005a   Code   RO         4567    i.send_data_by_controllor  comm_module.o
    0x08007d66   0x08007d66   0x00000002   PAD
    0x08007d68   0x08007d68   0x00000040   Code   RO         4958    i.send_modify_PID_result  comm_task.o
    0x08007da8   0x08007da8   0x000000a4   Code   RO         4670    i.send_pid_2_PC     flow_module.o
    0x08007e4c   0x08007e4c   0x000000a4   Code   RO         4959    i.send_valve_data_2_PC  comm_task.o
    0x08007ef0   0x08007ef0   0x00000026   Code   RO         4568    i.set_checkSum      comm_module.o
    0x08007f16   0x08007f16   0x00000002   PAD
    0x08007f18   0x08007f18   0x00000064   Code   RO         4672    i.set_flow_parameter  flow_module.o
    0x08007f7c   0x08007f7c   0x000000a4   Code   RO         4673    i.set_pid           flow_module.o
    0x08008020   0x08008020   0x00000030   Code   RO         4674    i.set_pwm_dc        flow_module.o
    0x08008050   0x08008050   0x00000040   Code   RO         5088    i.sf_ReadID         bsp_spi_flash.o
    0x08008090   0x08008090   0x000000a8   Code   RO         5089    i.sf_ReadInfo       bsp_spi_flash.o
    0x08008138   0x08008138   0x0000001a   Code   RO         5090    i.sf_SetCS          bsp_spi_flash.o
    0x08008152   0x08008152   0x0000001e   Code   RO         5091    i.sf_WaitForWriteEnd  bsp_spi_flash.o
    0x08008170   0x08008170   0x00000050   Code   RO         4569    i.uart_Init         comm_module.o
    0x080081c0   0x080081c0   0x00000024   Code   RO         3570    i.uxListRemove      list.o
    0x080081e4   0x080081e4   0x00000016   Code   RO         3571    i.vListInitialise   list.o
    0x080081fa   0x080081fa   0x00000006   Code   RO         3572    i.vListInitialiseItem  list.o
    0x08008200   0x08008200   0x00000030   Code   RO         3573    i.vListInsert       list.o
    0x08008230   0x08008230   0x00000018   Code   RO         3574    i.vListInsertEnd    list.o
    0x08008248   0x08008248   0x00000018   Code   RO         4448    i.vPortEnterCritical  port.o
    0x08008260   0x08008260   0x0000001c   Code   RO         4449    i.vPortExitCritical  port.o
    0x0800827c   0x0800827c   0x00000044   Code   RO         4397    i.vPortFree         heap_4.o
    0x080082c0   0x080082c0   0x00000024   Code   RO         4450    i.vPortSetupTimerInterrupt  port.o
    0x080082e4   0x080082e4   0x00000018   Code   RO         4451    i.vPortYield        port.o
    0x080082fc   0x080082fc   0x00000030   Code   RO         3761    i.vTaskDelay        tasks.o
    0x0800832c   0x0800832c   0x0000004c   Code   RO         3772    i.vTaskStartScheduler  tasks.o
    0x08008378   0x08008378   0x00000010   Code   RO         3774    i.vTaskSuspendAll   tasks.o
    0x08008388   0x08008388   0x00000058   Code   RO         3775    i.vTaskSwitchContext  tasks.o
    0x080083e0   0x080083e0   0x00000030   Code   RO         4452    i.xPortStartScheduler  port.o
    0x08008410   0x08008410   0x00000024   Code   RO         4453    i.xPortSysTickHandler  port.o
    0x08008434   0x08008434   0x0000004e   Code   RO         3777    i.xTaskCreate       tasks.o
    0x08008482   0x08008482   0x00000002   PAD
    0x08008484   0x08008484   0x00000020   Code   RO         3781    i.xTaskGetSchedulerState  tasks.o
    0x080084a4   0x080084a4   0x000000bc   Code   RO         3784    i.xTaskIncrementTick  tasks.o
    0x08008560   0x08008560   0x000000ac   Code   RO         3790    i.xTaskResumeAll    tasks.o
    0x0800860c   0x0800860c   0x00000014   Data   RO           26    .constdata          main.o
    0x08008620   0x08008620   0x00000010   Data   RO         3457    .constdata          system_stm32f0xx.o
    0x08008630   0x08008630   0x00000008   Data   RO         3458    .constdata          system_stm32f0xx.o
    0x08008638   0x08008638   0x00000200   Data   RO         4571    .constdata          comm_module.o
    0x08008838   0x08008838   0x00000a28   Data   RO         4872    .constdata          sampling_module.o
    0x08009260   0x08009260   0x0000000c   Data   RO           27    .conststring        main.o
    0x0800926c   0x0800926c   0x00000020   Data   RO         5905    Region$$Table       anon$$obj.o


    Execution Region RW_IRAM1 (Exec base: 0x200000c0, Load base: 0x0800928c, Size: 0x00001cf8, Max: 0x00001f40, ABSOLUTE)

    Exec Addr    Load Addr    Size         Type   Attr      Idx    E Section Name        Object

    0x200000c0   0x0800928c   0x0000000c   Data   RW           28    .data               main.o
    0x200000cc   0x08009298   0x00000004   Data   RW         2344    .data               stm32f0xx_hal.o
    0x200000d0   0x0800929c   0x00000004   Data   RW         3459    .data               system_stm32f0xx.o
    0x200000d4   0x080092a0   0x0000003c   Data   RW         3793    .data               tasks.o
    0x20000110   0x080092dc   0x00000018   Data   RW         4402    .data               heap_4.o
    0x20000128   0x080092f4   0x00000004   Data   RW         4454    .data               port.o
    0x2000012c   0x080092f8   0x00000044   Data   RW         4676    .data               flow_module.o
    0x20000170   0x0800933c   0x00000014   Data   RW         4873    .data               sampling_module.o
    0x20000184   0x08009350   0x00000018   Data   RW         4964    .data               comm_task.o
    0x2000019c   0x08009368   0x00000008   Data   RW         5095    .data               bsp_spi_flash.o
    0x200001a4   0x08009370   0x0000000e   Data   RW         5197    .data               sf05.o
    0x200001b2   0x0800937e   0x00000001   Data   RW         5271    .data               i2c_hal.o
    0x200001b3   0x0800937f   0x00000001   Data   RW         5272    .data               i2c_hal.o
    0x200001b4   0x08009380   0x00000001   Data   RW         5273    .data               i2c_hal.o
    0x200001b5   0x08009381   0x00000001   Data   RW         5275    .data               i2c_hal.o
    0x200001b6   0x08009382   0x00000002   PAD
    0x200001b8   0x08009384   0x00000004   Data   RW         5879    .data               mc_p.l(stdout.o)
    0x200001bc   0x08009388   0x00000004   Data   RW         5882    .data               mc_p.l(mvars.o)
    0x200001c0   0x0800938c   0x00000004   Data   RW         5883    .data               mc_p.l(mvars.o)
    0x200001c4        -       0x00000160   Zero   RW           22    .bss                main.o
    0x20000324        -       0x00000044   Zero   RW           23    .bss                main.o
    0x20000368        -       0x00000044   Zero   RW           24    .bss                main.o
    0x200003ac        -       0x00000044   Zero   RW           25    .bss                main.o
    0x200003f0        -       0x000000f0   Zero   RW         3792    .bss                tasks.o
    0x200004e0        -       0x00001000   Zero   RW         4401    .bss                heap_4.o
    0x200014e0        -       0x000000f8   Zero   RW         4570    .bss                comm_module.o
    0x200015d8        -       0x0000002c   Zero   RW         4675    .bss                flow_module.o
    0x20001604        -       0x0000000a   Zero   RW         4777    .bss                interface_module.o
    0x2000160e        -       0x0000000e   Zero   RW         4870    .bss                sampling_module.o
    0x2000161c        -       0x0000001e   Zero   RW         4960    .bss                comm_task.o
    0x2000163a   0x08009390   0x00000002   PAD
    0x2000163c        -       0x0000001c   Zero   RW         5094    .bss                bsp_spi_flash.o
    0x20001658        -       0x00000260   Zero   RW            2    HEAP                startup_stm32f030x8.o
    0x200018b8        -       0x00000500   Zero   RW            1    STACK               startup_stm32f030x8.o



  Load Region LR$$.ARM.__AT_0x20000000 (Base: 0x20000000, Size: 0x00000000, Max: 0x000000c0, ABSOLUTE)

    Execution Region ER$$.ARM.__AT_0x20000000 (Exec base: 0x20000000, Load base: 0x20000000, Size: 0x000000c0, Max: 0x000000c0, ABSOLUTE, UNINIT)

    Exec Addr    Load Addr    Size         Type   Attr      Idx    E Section Name        Object

    0x20000000        -       0x000000c0   Zero   RW           21    .ARM.__AT_0x20000000  main.o


==============================================================================

Image component sizes


      Code (inc. data)   RO Data    RW Data    ZI Data      Debug   Object Name

       120         60          0          0          0       5014   app.o
       406         94          0          8         28       5492   bsp_spi_flash.o
        84          0          0          0          0       7245   cmsis_os.o
       790         66        512          0        248      22131   comm_module.o
      1318        148          0         24         30      14065   comm_task.o
       180          0          0          0          0       3255   common.o
         0          0          0          0          0       1472   event_groups.o
      1100         98          0         68         44       8678   flow_module.o
       388         22          0         24       4096       4247   heap_4.o
       592         34          0          4          0       4330   i2c_hal.o
       252        120          0          0         10       3870   interface_module.o
       136          0          0          0          0       3430   list.o
       894         84         32         12        748     307288   main.o
       370         58          0          4          0       7523   port.o
       904         74       2600         20         14       9348   sampling_module.o
       756         54          0         14          0       8749   sf05.o
        28          8        180          0       1888        640   startup_stm32f030x8.o
        94         18          0          4          0       3127   stm32f0xx_hal.o
      1388         60          0          0          0       9761   stm32f0xx_hal_adc.o
       176          0          0          0          0       1406   stm32f0xx_hal_adc_ex.o
       144         24          0          0          0       8945   stm32f0xx_hal_cortex.o
       498         14          0          0          0       4894   stm32f0xx_hal_dma.o
       350         26          0          0          0       2907   stm32f0xx_hal_gpio.o
       648         72          0          0          0       4386   stm32f0xx_hal_msp.o
      1316         94          0          0          0       5069   stm32f0xx_hal_rcc.o
      1966          0          0          0          0       9426   stm32f0xx_hal_spi.o
      1028        112          0          0          0       7818   stm32f0xx_hal_tim.o
        72          0          0          0          0       1288   stm32f0xx_hal_tim_ex.o
      2054         56          0          0          0      17162   stm32f0xx_hal_uart.o
       100         24          0          0          0       4366   stm32f0xx_it.o
        92         14         24          4          0       1171   system_stm32f0xx.o
      1248         96          0         60        240      14995   tasks.o

    ----------------------------------------------------------------------
     19526       1530       3380        248       7348     513498   Object Totals
         0          0         32          0          0          0   (incl. Generated)
        34          0          0          2          2          0   (incl. Padding)

    ----------------------------------------------------------------------

      Code (inc. data)   RO Data    RW Data    ZI Data      Debug   Library Member Name

         0          0          0          0          0          0   entry.o
         0          0          0          0          0          0   entry10a.o
         0          0          0          0          0          0   entry11a.o
         8          4          0          0          0          0   entry2.o
         4          0          0          0          0          0   entry5.o
         0          0          0          0          0          0   entry7b.o
         0          0          0          0          0          0   entry8b.o
         8          4          0          0          0          0   entry9a.o
        30          0          0          0          0          0   handlers.o
        40          0          0          0          0         72   idiv.o
        36          8          0          0          0         68   init.o
         0          0          0          0          0          0   iusefp.o
        32          0          0          0          0         68   llshl.o
        34          0          0          0          0         68   llushr.o
       192         20          0          0          0        144   malloc.o
        36          0          0          0          0         60   memcpya.o
        36          0          0          0          0        100   memseta.o
         0          0          0          8          0          0   mvars.o
      1172         52          0          0          0        324   printf8.o
         0          0          0          4          0          0   stdout.o
        18          0          0          0          0         60   strcpy.o
        44          0          0          0          0         72   uidiv.o
        96          0          0          0          0         84   uldiv.o
       236          0          0          0          0        216   depilogue.o
        60         10          0          0          0         68   dfixui.o
        28          4          0          0          0         68   dfltui.o
       208          6          0          0          0         88   dmul.o

    ----------------------------------------------------------------------
      2322        108          0         12          0       1560   Library Totals
         4          0          0          0          0          0   (incl. Padding)

    ----------------------------------------------------------------------

      Code (inc. data)   RO Data    RW Data    ZI Data      Debug   Library Name

      1786         88          0         12          0       1120   mc_p.l
       532         20          0          0          0        440   mf_p.l

    ----------------------------------------------------------------------
      2322        108          0         12          0       1560   Library Totals

    ----------------------------------------------------------------------

==============================================================================


      Code (inc. data)   RO Data    RW Data    ZI Data      Debug   

     21848       1638       3380        260       7348     505170   Grand Totals
     21848       1638       3380        260       7348     505170   ELF Image Totals
     21848       1638       3380        260          0          0   ROM Totals

==============================================================================

    Total RO  Size (Code + RO Data)                25228 (  24.64kB)
    Total RW  Size (RW Data + ZI Data)              7608 (   7.43kB)
    Total ROM Size (Code + RO Data + RW Data)      25488 (  24.89kB)

==============================================================================

